/home/lemageoire/fsl-community-bsp/build-openrex/tmp/work/imx6qdlsabresd-poky-linux-gnueabi/u-boot-fslc/2022.10+gitAUTOINC+cbd7eb17ac-r0/git/drivers/i2c/i2c_core.c:15:21:i2c_get_adapter	8	static
/home/lemageoire/fsl-community-bsp/build-openrex/tmp/work/imx6qdlsabresd-poky-linux-gnueabi/u-boot-fslc/2022.10+gitAUTOINC+cbd7eb17ac-r0/git/drivers/i2c/i2c_core.c:174:13:i2c_init_bus.part.0	16	static
/home/lemageoire/fsl-community-bsp/build-openrex/tmp/work/imx6qdlsabresd-poky-linux-gnueabi/u-boot-fslc/2022.10+gitAUTOINC+cbd7eb17ac-r0/git/drivers/i2c/i2c_core.c:189:13:i2c_init_board	0	static
/home/lemageoire/fsl-community-bsp/build-openrex/tmp/work/imx6qdlsabresd-poky-linux-gnueabi/u-boot-fslc/2022.10+gitAUTOINC+cbd7eb17ac-r0/git/drivers/i2c/i2c_core.c:214:14:i2c_get_bus_num	0	static
/home/lemageoire/fsl-community-bsp/build-openrex/tmp/work/imx6qdlsabresd-poky-linux-gnueabi/u-boot-fslc/2022.10+gitAUTOINC+cbd7eb17ac-r0/git/drivers/i2c/i2c_core.c:233:5:i2c_set_bus_num	16	static
/home/lemageoire/fsl-community-bsp/build-openrex/tmp/work/imx6qdlsabresd-poky-linux-gnueabi/u-boot-fslc/2022.10+gitAUTOINC+cbd7eb17ac-r0/git/drivers/i2c/i2c_core.c:201:6:i2c_init_all	8	static
/home/lemageoire/fsl-community-bsp/build-openrex/tmp/work/imx6qdlsabresd-poky-linux-gnueabi/u-boot-fslc/2022.10+gitAUTOINC+cbd7eb17ac-r0/git/drivers/i2c/i2c_core.c:270:5:i2c_probe	16	static
/home/lemageoire/fsl-community-bsp/build-openrex/tmp/work/imx6qdlsabresd-poky-linux-gnueabi/u-boot-fslc/2022.10+gitAUTOINC+cbd7eb17ac-r0/git/drivers/i2c/i2c_core.c:287:5:i2c_read	32	static
/home/lemageoire/fsl-community-bsp/build-openrex/tmp/work/imx6qdlsabresd-poky-linux-gnueabi/u-boot-fslc/2022.10+gitAUTOINC+cbd7eb17ac-r0/git/drivers/i2c/i2c_core.c:293:5:i2c_write	32	static
/home/lemageoire/fsl-community-bsp/build-openrex/tmp/work/imx6qdlsabresd-poky-linux-gnueabi/u-boot-fslc/2022.10+gitAUTOINC+cbd7eb17ac-r0/git/drivers/i2c/i2c_core.c:299:14:i2c_set_bus_speed	16	static
/home/lemageoire/fsl-community-bsp/build-openrex/tmp/work/imx6qdlsabresd-poky-linux-gnueabi/u-boot-fslc/2022.10+gitAUTOINC+cbd7eb17ac-r0/git/drivers/i2c/i2c_core.c:312:14:i2c_get_bus_speed	8	static
/home/lemageoire/fsl-community-bsp/build-openrex/tmp/work/imx6qdlsabresd-poky-linux-gnueabi/u-boot-fslc/2022.10+gitAUTOINC+cbd7eb17ac-r0/git/drivers/i2c/i2c_core.c:318:9:i2c_reg_read	24	static
/home/lemageoire/fsl-community-bsp/build-openrex/tmp/work/imx6qdlsabresd-poky-linux-gnueabi/u-boot-fslc/2022.10+gitAUTOINC+cbd7eb17ac-r0/git/drivers/i2c/i2c_core.c:332:6:i2c_reg_write	24	static
/home/lemageoire/fsl-community-bsp/build-openrex/tmp/work/imx6qdlsabresd-poky-linux-gnueabi/u-boot-fslc/2022.10+gitAUTOINC+cbd7eb17ac-r0/git/drivers/i2c/i2c_core.c:342:13:i2c_init	4	static
