Archive member included to satisfy reference by file (symbol)

arch/arm/mach-imx/iomux-v3.o  (--whole-archive)
arch/arm/mach-imx/cpu.o       (--whole-archive)
arch/arm/mach-imx/speed.o     (--whole-archive)
arch/arm/mach-imx/mmdc_size.o
                              (--whole-archive)
arch/arm/mach-imx/timer.o     (--whole-archive)
arch/arm/mach-imx/i2c-mxv7.o  (--whole-archive)
arch/arm/mach-imx/misc.o      (--whole-archive)
arch/arm/mach-imx/spl.o       (--whole-archive)
arch/arm/mach-imx/video.o     (--whole-archive)
arch/arm/mach-imx/cache.o     (--whole-archive)
arch/arm/mach-imx/init.o      (--whole-archive)
arch/arm/mach-imx/mac.o       (--whole-archive)
arch/arm/mach-imx/mx6/soc.o   (--whole-archive)
arch/arm/mach-imx/mx6/clock.o
                              (--whole-archive)
arch/arm/mach-imx/mx6/ddr.o   (--whole-archive)
arch/arm/mach-imx/mx6/mp.o    (--whole-archive)
arch/arm/cpu/armv7/cache_v7.o
                              (--whole-archive)
arch/arm/cpu/armv7/cache_v7_asm.o
                              (--whole-archive)
arch/arm/cpu/armv7/cpu.o      (--whole-archive)
arch/arm/cpu/armv7/cp15.o     (--whole-archive)
arch/arm/cpu/armv7/syslib.o   (--whole-archive)
arch/arm/cpu/armv7/lowlevel_init.o
                              (--whole-archive)
arch/arm/lib/vectors.o        (--whole-archive)
arch/arm/lib/crt0.o           (--whole-archive)
arch/arm/lib/setjmp.o         (--whole-archive)
arch/arm/lib/spl.o            (--whole-archive)
arch/arm/lib/zimage.o         (--whole-archive)
arch/arm/lib/bootm-fdt.o      (--whole-archive)
arch/arm/lib/memset.o         (--whole-archive)
arch/arm/lib/memcpy.o         (--whole-archive)
arch/arm/lib/bdinfo.o         (--whole-archive)
arch/arm/lib/sections.o       (--whole-archive)
arch/arm/lib/stack.o          (--whole-archive)
arch/arm/lib/interrupts.o     (--whole-archive)
arch/arm/lib/reset.o          (--whole-archive)
arch/arm/lib/cache.o          (--whole-archive)
arch/arm/lib/cache-cp15.o     (--whole-archive)
arch/arm/lib/psci-dt.o        (--whole-archive)
board/freescale/mx6sabresd/mx6sabresd.o
                              (--whole-archive)
board/freescale/common/pfuze.o
                              (--whole-archive)
common/spl/spl.o              (--whole-archive)
common/spl/spl_fit.o          (--whole-archive)
common/spl/spl_legacy.o       (--whole-archive)
common/spl/spl_mmc.o          (--whole-archive)
common/spl/spl_sdp.o          (--whole-archive)
common/init/board_init.o      (--whole-archive)
boot/image.o                  (--whole-archive)
boot/image-board.o            (--whole-archive)
boot/image-android.o          (--whole-archive)
boot/image-android-dt.o       (--whole-archive)
boot/image-fdt.o              (--whole-archive)
boot/image-fit.o              (--whole-archive)
boot/common_fit.o             (--whole-archive)
common/fdt_support.o          (--whole-archive)
common/usb.o                  (--whole-archive)
common/usb_hub.o              (--whole-archive)
common/bouncebuf.o            (--whole-archive)
common/console.o              (--whole-archive)
common/dlmalloc.o             (--whole-archive)
common/malloc_simple.o        (--whole-archive)
common/hash.o                 (--whole-archive)
common/memsize.o              (--whole-archive)
common/stdio.o                (--whole-archive)
common/cli.o                  (--whole-archive)
common/command.o              (--whole-archive)
common/s_record.o             (--whole-archive)
common/xyzModem.o             (--whole-archive)
cmd/nvedit.o                  (--whole-archive)
lib/hash-checksum.o           (--whole-archive)
lib/sha1.o                    (--whole-archive)
lib/sha256.o                  (--whole-archive)
lib/libfdt/fdt.o              (--whole-archive)
lib/libfdt/fdt_ro.o           (--whole-archive)
lib/libfdt/fdt_wip.o          (--whole-archive)
lib/libfdt/fdt_strerror.o     (--whole-archive)
lib/libfdt/fdt_sw.o           (--whole-archive)
lib/libfdt/fdt_rw.o           (--whole-archive)
lib/libfdt/fdt_empty_tree.o   (--whole-archive)
lib/libfdt/fdt_addresses.o    (--whole-archive)
lib/crc16-ccitt.o             (--whole-archive)
lib/net_utils.o               (--whole-archive)
lib/qsort.o                   (--whole-archive)
lib/hashtable.o               (--whole-archive)
lib/errno.o                   (--whole-archive)
lib/display_options.o         (--whole-archive)
lib/crc32.o                   (--whole-archive)
lib/ctype.o                   (--whole-archive)
lib/div64.o                   (--whole-archive)
lib/fdtdec.o                  (--whole-archive)
lib/fdtdec_common.o           (--whole-archive)
lib/hang.o                    (--whole-archive)
lib/linux_compat.o            (--whole-archive)
lib/linux_string.o            (--whole-archive)
lib/lmb.o                     (--whole-archive)
lib/membuff.o                 (--whole-archive)
lib/slre.o                    (--whole-archive)
lib/string.o                  (--whole-archive)
lib/tables_csum.o             (--whole-archive)
[...]
Memory Configuration

Name             Origin             Length             Attributes
.sram            0x0000000000908000 0x0000000000010000
.sdram           0x0000000018200000 0x0000000000100000
*default*        0x0000000000000000 0xffffffffffffffff

Linker script and memory map


.text           0x0000000000908000     0x7b8e
                0x0000000000908000                __start = .
 *(.vectors)
 .vectors       0x0000000000908000       0x44 arch/arm/lib/vectors.o
                0x0000000000908000                _start
                0x0000000000908020                _undefined_instruction
                0x0000000000908024                _software_interrupt
                0x0000000000908028                _prefetch_abort
                0x000000000090802c                _data_abort
                0x0000000000908030                _not_used
                0x0000000000908034                _irq
                0x0000000000908038                _fiq
 arch/arm/cpu/armv7/start.o(.text*)
 .text          0x0000000000908044       0xfc arch/arm/cpu/armv7/start.o
                0x0000000000908044                reset
                0x0000000000908048                save_boot_params_ret
                0x0000000000908084                c_runtime_cpu_setup
                0x0000000000908094                save_boot_params
                0x0000000000908098                cpu_init_cp15
                0x0000000000908134                cpu_init_crit
 *(.text*)
 .text.imx_iomux_v3_setup_pad
                0x0000000000908140       0x8c arch/arm/mach-imx/iomux-v3.o
                0x0000000000908140                imx_iomux_v3_setup_pad
 .text.imx_iomux_v3_setup_multiple_pads
                0x00000000009081cc       0x50 arch/arm/mach-imx/iomux-v3.o
                0x00000000009081cc                imx_iomux_v3_setup_multiple_pads
 .text.cpu_mmc_init
                0x000000000090821c        0x4 arch/arm/mach-imx/cpu.o
                0x000000000090821c                cpu_mmc_init
 .text.get_ahb_clk
                0x0000000000908220       0x1c arch/arm/mach-imx/cpu.o
                0x0000000000908220                get_ahb_clk
 .text.timer_init
                0x000000000090823c      0x150 arch/arm/mach-imx/timer.o
                0x000000000090823c                timer_init
 .text.timer_read_counter
                0x000000000090838c        0xc arch/arm/mach-imx/timer.o
                0x000000000090838c                timer_read_counter
 .text.get_tbclk
                0x0000000000908398       0xb0 arch/arm/mach-imx/timer.o
                0x0000000000908398                get_tbclk
 .text.spl_boot_device
                0x0000000000908448       0xa4 arch/arm/mach-imx/spl.o
                0x0000000000908448                spl_boot_device
 .text.g_dnl_bind_fixup
                0x00000000009084ec        0xc arch/arm/mach-imx/spl.o
                0x00000000009084ec                g_dnl_bind_fixup
 .text.g_dnl_get_board_bcd_device_number
                0x00000000009084f8        0x6 arch/arm/mach-imx/spl.o
                0x00000000009084f8                g_dnl_get_board_bcd_device_number
 *fill*         0x00000000009084fe        0x2 
 .text.spl_mmc_boot_mode
                0x0000000000908500       0x1c arch/arm/mach-imx/spl.o
                0x0000000000908500                spl_mmc_boot_mode
 .text.spl_load_simple_fit_fix_load
                0x000000000090851c       0x3c arch/arm/mach-imx/spl.o
                0x000000000090851c                spl_load_simple_fit_fix_load
 .text.enable_ca7_smp
                0x0000000000908558       0x26 arch/arm/mach-imx/cache.o
                0x0000000000908558                enable_ca7_smp
 *fill*         0x000000000090857e        0x2 
 .text.init_aips
                0x0000000000908580       0xd4 arch/arm/mach-imx/init.o
                0x0000000000908580                init_aips
 .text.imx_wdog_disable_powerdown
                0x0000000000908654       0x98 arch/arm/mach-imx/init.o
                0x0000000000908654                imx_wdog_disable_powerdown
 .text.init_src
                0x00000000009086ec       0x18 arch/arm/mach-imx/init.o
                0x00000000009086ec                init_src
 .text.imx6_src_get_boot_mode
                0x0000000000908704       0x1c arch/arm/mach-imx/init.o
                0x0000000000908704                imx6_src_get_boot_mode
 .text.get_cpu_rev
                0x0000000000908720       0x9c arch/arm/mach-imx/mx6/soc.o
                0x0000000000908720                get_cpu_rev
 .text.arch_cpu_init
                0x00000000009087bc      0x2b4 arch/arm/mach-imx/mx6/soc.o
                0x00000000009087bc                arch_cpu_init
 .text.reset_misc
                0x0000000000908a70        0x2 arch/arm/mach-imx/mx6/soc.o
                0x0000000000908a70                reset_misc
 *fill*         0x0000000000908a72        0x2 
 .text.s_init   0x0000000000908a74       0xc4 arch/arm/mach-imx/mx6/soc.o
                0x0000000000908a74                s_init
 .text.gpr_init
                0x0000000000908b38       0x94 arch/arm/mach-imx/mx6/soc.o
                0x0000000000908b38                gpr_init
 .text.get_ipg_clk
                0x0000000000908bcc       0x1c arch/arm/mach-imx/mx6/clock.o
 .text.mxc_get_pll_pfd
                0x0000000000908be8       0x84 arch/arm/mach-imx/mx6/clock.o
 .text.get_usdhc_clk
                0x0000000000908c6c       0x98 arch/arm/mach-imx/mx6/clock.o
 .text.get_uart_clk
                0x0000000000908d04       0xac arch/arm/mach-imx/mx6/clock.o
 .text.enable_usboh3_clk
                0x0000000000908db0       0x20 arch/arm/mach-imx/mx6/clock.o
                0x0000000000908db0                enable_usboh3_clk
 .text.get_periph_clk
                0x0000000000908dd0       0x84 arch/arm/mach-imx/mx6/clock.o
                0x0000000000908dd0                get_periph_clk
 .text.get_axi_clk
                0x0000000000908e54       0x34 arch/arm/mach-imx/mx6/clock.o
 .text.imx_get_uartclk
                0x0000000000908e88        0x4 arch/arm/mach-imx/mx6/clock.o
                0x0000000000908e88                imx_get_uartclk
 .text.mxc_get_clock
                0x0000000000908e8c      0x35c arch/arm/mach-imx/mx6/clock.o
                0x0000000000908e8c                mxc_get_clock
 .text.enable_ipu_clock
                0x00000000009091e8       0x40 arch/arm/mach-imx/mx6/clock.o
                0x00000000009091e8                enable_ipu_clock
 .text.disable_ipu_clock
                0x0000000000909228       0x40 arch/arm/mach-imx/mx6/clock.o
                0x0000000000909228                disable_ipu_clock
 .text.v7_outer_cache_flush_range
                0x0000000000909268        0x2 arch/arm/cpu/armv7/cache_v7.o
                0x0000000000909268                v7_outer_cache_flush_range
 .text.flush_dcache_range
                0x000000000090926a       0x38 arch/arm/cpu/armv7/cache_v7.o
                0x000000000090926a                flush_dcache_range
 .text.v7_outer_cache_inval_range
                0x00000000009092a2        0x2 arch/arm/cpu/armv7/cache_v7.o
                0x00000000009092a2                v7_outer_cache_inval_range
 .text.invalidate_dcache_range
                0x00000000009092a4       0x40 arch/arm/cpu/armv7/cache_v7.o
                0x00000000009092a4                invalidate_dcache_range
 .text.lowlevel_init
                0x00000000009092e4       0x20 arch/arm/cpu/armv7/lowlevel_init.o
                0x00000000009092e4                lowlevel_init
 .text          0x0000000000909304       0x6c arch/arm/lib/crt0.o
                0x0000000000909304                _main
 *fill*         0x0000000000909370       0x10 
 .text          0x0000000000909380       0xa0 arch/arm/lib/memset.o
                0x0000000000909380                memset
 .text          0x0000000000909420      0x2e4 arch/arm/lib/memcpy.o
                0x0000000000909420                memcpy
 .text.disable_interrupts
                0x0000000000909704        0x4 arch/arm/lib/interrupts.o
                0x0000000000909704                disable_interrupts
 .text.do_reset
                0x0000000000909708       0x24 arch/arm/lib/reset.o
                0x0000000000909708                do_reset
 .text.check_cache_range
                0x000000000090972c        0xe arch/arm/lib/cache.o
                0x000000000090972c                check_cache_range
 .text.ddr_init
                0x000000000090973a       0x1e board/freescale/mx6sabresd/mx6sabresd.o
 .text.board_mmc_getcd
                0x0000000000909758       0x3c board/freescale/mx6sabresd/mx6sabresd.o
                0x0000000000909758                board_mmc_getcd
 .text.board_mmc_init
                0x0000000000909794       0x88 board/freescale/mx6sabresd/mx6sabresd.o
                0x0000000000909794                board_mmc_init
 .text.board_init_f
                0x000000000090981c      0x100 board/freescale/mx6sabresd/mx6sabresd.o
                0x000000000090981c                board_init_f
 .text.board_fit_config_name_match
                0x000000000090991c       0x6c board/freescale/mx6sabresd/mx6sabresd.o
                0x000000000090991c                board_fit_config_name_match
 .text.spl_perform_fixups
                0x0000000000909988        0x2 common/spl/spl.o
                0x0000000000909988                spl_perform_fixups
 .text.spl_board_loader_name
                0x000000000090998a        0x4 common/spl/spl.o
                0x000000000090998a                spl_board_loader_name
 .text.spl_board_prepare_for_boot
                0x000000000090998e        0x2 common/spl/spl.o
                0x000000000090998e                spl_board_prepare_for_boot
 .text.spl_get_load_buffer
                0x0000000000909990        0x6 common/spl/spl.o
                0x0000000000909990                spl_get_load_buffer
 .text.spl_parse_board_header
                0x0000000000909996        0x6 common/spl/spl.o
                0x0000000000909996                spl_parse_board_header
 .text.spl_parse_image_header
                0x000000000090999c       0x28 common/spl/spl.o
                0x000000000090999c                spl_parse_image_header
 .text.jump_to_image_no_args
                0x00000000009099c4        0x6 common/spl/spl.o
                0x00000000009099c4                jump_to_image_no_args
 *fill*         0x00000000009099ca        0x2 
 .text.spl_set_bd
                0x00000000009099cc       0x14 common/spl/spl.o
                0x00000000009099cc                spl_set_bd
 .text.spl_init
                0x00000000009099e0       0x26 common/spl/spl.o
                0x00000000009099e0                spl_init
 .text.board_boot_order
                0x0000000000909a06        0xc common/spl/spl.o
                0x0000000000909a06                board_boot_order
 .text.spl_check_board_image
                0x0000000000909a12        0x4 common/spl/spl.o
                0x0000000000909a12                spl_check_board_image
 *fill*         0x0000000000909a16        0x2 
 .text.board_init_r
                0x0000000000909a18       0xf0 common/spl/spl.o
                0x0000000000909a18                board_init_r
 .text.preloader_console_init
                0x0000000000909b08       0x24 common/spl/spl.o
                0x0000000000909b08                preloader_console_init
 .text.spl_relocate_stack_gd
                0x0000000000909b2c        0x4 common/spl/spl.o
                0x0000000000909b2c                spl_relocate_stack_gd
 .text.spl_fit_get_image_node
                0x0000000000909b30       0x64 common/spl/spl_fit.o
 .text.spl_fit_image_get_os
                0x0000000000909b94       0x30 common/spl/spl_fit.o
 .text.spl_load_fit_image
                0x0000000000909bc4      0x164 common/spl/spl_fit.o
 .text.spl_fit_append_fdt
                0x0000000000909d28       0x64 common/spl/spl_fit.o
 .text.board_spl_fit_size_align
                0x0000000000909d8c        0x2 common/spl/spl_fit.o
                0x0000000000909d8c                board_spl_fit_size_align
 *fill*         0x0000000000909d8e        0x2 
 .text.board_spl_fit_buffer_addr
                0x0000000000909d90       0x34 common/spl/spl_fit.o
                0x0000000000909d90                board_spl_fit_buffer_addr
 .text.spl_load_simple_fit_skip_processing
                0x0000000000909dc4        0x4 common/spl/spl_fit.o
                0x0000000000909dc4                spl_load_simple_fit_skip_processing
 .text.spl_load_simple_fit
                0x0000000000909dc8      0x1ac common/spl/spl_fit.o
                0x0000000000909dc8                spl_load_simple_fit
 .text.spl_parse_legacy_header
                0x0000000000909f74       0x3a common/spl/spl_legacy.o
                0x0000000000909f74                spl_parse_legacy_header
 .text.h_spl_load_read
                0x0000000000909fae       0x20 common/spl/spl_mmc.o
 .text.spl_mmc_get_uboot_raw_sector
                0x0000000000909fce        0x4 common/spl/spl_mmc.o
                0x0000000000909fce                spl_mmc_get_uboot_raw_sector
 .text.default_spl_mmc_emmc_boot_partition
                0x0000000000909fd2       0x10 common/spl/spl_mmc.o
                0x0000000000909fd2                default_spl_mmc_emmc_boot_partition
 .text.spl_mmc_emmc_boot_partition
                0x0000000000909fe2        0x4 common/spl/spl_mmc.o
                0x0000000000909fe2                spl_mmc_emmc_boot_partition
 *fill*         0x0000000000909fe6        0x2 
 .text.spl_mmc_load
                0x0000000000909fe8      0x1c4 common/spl/spl_mmc.o
                0x0000000000909fe8                spl_mmc_load
 .text.spl_mmc_load_image
                0x000000000090a1ac       0x14 common/spl/spl_mmc.o
                0x000000000090a1ac                spl_mmc_load_image
 .text.spl_sdp_load_image
                0x000000000090a1c0       0x68 common/spl/spl_sdp.o
 .text.board_init_f_alloc_reserve
                0x000000000090a228        0xa common/init/board_init.o
                0x000000000090a228                board_init_f_alloc_reserve
 .text.board_init_f_init_reserve
                0x000000000090a232       0x18 common/init/board_init.o
                0x000000000090a232                board_init_f_init_reserve
 *fill*         0x000000000090a24a        0x2 
 .text.genimg_get_format
                0x000000000090a24c       0x30 boot/image-board.o
                0x000000000090a24c                genimg_get_format
 .text.android_image_check_header
                0x000000000090a27c       0x10 boot/image-android.o
                0x000000000090a27c                android_image_check_header
 .text.fit_image_get_address
                0x000000000090a28c       0x48 boot/image-fit.o
 .text.fit_image_get_load
                0x000000000090a2d4        0xc boot/image-fit.o
                0x000000000090a2d4                fit_image_get_load
 .text.fit_image_get_entry
                0x000000000090a2e0        0xc boot/image-fit.o
                0x000000000090a2e0                fit_image_get_entry
 .text.fit_image_get_data
                0x000000000090a2ec       0x28 boot/image-fit.o
                0x000000000090a2ec                fit_image_get_data
 .text.fit_image_get_data_offset
                0x000000000090a314       0x24 boot/image-fit.o
                0x000000000090a314                fit_image_get_data_offset
 .text.fit_image_get_data_position
                0x000000000090a338       0x24 boot/image-fit.o
                0x000000000090a338                fit_image_get_data_position
 .text.fit_image_get_data_size
                0x000000000090a35c       0x24 boot/image-fit.o
                0x000000000090a35c                fit_image_get_data_size
 .text.fit_find_config_node
                0x000000000090a380       0xa0 boot/common_fit.o
                0x000000000090a380                fit_find_config_node
 .text.board_usb_init
                0x000000000090a420        0x4 common/usb.o
                0x000000000090a420                board_usb_init
 .text.board_usb_cleanup
                0x000000000090a424        0x4 common/usb.o
                0x000000000090a424                board_usb_cleanup
 .text.console_puts_select.part.0
                0x000000000090a428       0x10 common/console.o
 .text.fgetc.part.0
                0x000000000090a438       0x24 common/console.o
 .text.getchar  0x000000000090a45c       0x1a common/console.o
                0x000000000090a45c                getchar
 .text.puts     0x000000000090a476       0x22 common/console.o
                0x000000000090a476                puts
 .text.putc     0x000000000090a498       0x28 common/console.o
                0x000000000090a498                putc
 .text.ftstc    0x000000000090a4c0       0x18 common/console.o
                0x000000000090a4c0                ftstc
 .text.tstc     0x000000000090a4d8       0x1a common/console.o
                0x000000000090a4d8                tstc
 *fill*         0x000000000090a4f2        0x2 
 .text.ctrlc    0x000000000090a4f4       0x34 common/console.o
                0x000000000090a4f4                ctrlc
 .text.sbrk     0x000000000090a528       0x40 common/dlmalloc.o
                0x000000000090a528                sbrk
 .text.mem_malloc_init
                0x000000000090a568       0x28 common/dlmalloc.o
                0x000000000090a568                mem_malloc_init
 .text.malloc_trim
                0x000000000090a590       0x84 common/dlmalloc.o
                0x000000000090a590                malloc_trim
 .text.free     0x000000000090a614      0x164 common/dlmalloc.o
                0x000000000090a614                free
 .text.malloc   0x000000000090a778      0x420 common/dlmalloc.o
                0x000000000090a778                malloc
 .text.calloc   0x000000000090ab98       0x9c common/dlmalloc.o
                0x000000000090ab98                calloc
 .text.memalign
                0x000000000090ac34      0x116 common/dlmalloc.o
                0x000000000090ac34                memalign
 *fill*         0x000000000090ad4a        0x2 
 .text.alloc_simple
                0x000000000090ad4c       0x40 common/malloc_simple.o
 .text.malloc_simple
                0x000000000090ad8c        0x6 common/malloc_simple.o
                0x000000000090ad8c                malloc_simple
 .text.memalign_simple
                0x000000000090ad92        0xa common/malloc_simple.o
                0x000000000090ad92                memalign_simple
 .text.fdt_check_header
                0x000000000090ad9c       0x14 lib/libfdt/fdt.o
                0x000000000090ad9c                fdt_check_header
 .text.fdt_offset_ptr
                0x000000000090adb0       0x1e lib/libfdt/fdt.o
                0x000000000090adb0                fdt_offset_ptr
 .text.fdt_next_tag
                0x000000000090adce       0x70 lib/libfdt/fdt.o
                0x000000000090adce                fdt_next_tag
 .text.fdt_check_node_offset_
                0x000000000090ae3e       0x24 lib/libfdt/fdt.o
                0x000000000090ae3e                fdt_check_node_offset_
 .text.fdt_check_prop_offset_
                0x000000000090ae62       0x24 lib/libfdt/fdt.o
                0x000000000090ae62                fdt_check_prop_offset_
 .text.fdt_next_node
                0x000000000090ae86       0x6e lib/libfdt/fdt.o
                0x000000000090ae86                fdt_next_node
 .text.fdt_first_subnode
                0x000000000090aef4       0x26 lib/libfdt/fdt.o
                0x000000000090aef4                fdt_first_subnode
 .text.fdt_next_subnode
                0x000000000090af1a       0x2a lib/libfdt/fdt.o
                0x000000000090af1a                fdt_next_subnode
 .text.fdt_get_property_by_offset_
                0x000000000090af44       0x12 lib/libfdt/fdt_ro.o
 .text.nextprop_
                0x000000000090af56       0x32 lib/libfdt/fdt_ro.o
 .text.fdt_get_string
                0x000000000090af88       0x1a lib/libfdt/fdt_ro.o
                0x000000000090af88                fdt_get_string
 .text.fdt_get_name
                0x000000000090afa2       0x1c lib/libfdt/fdt_ro.o
                0x000000000090afa2                fdt_get_name
 .text.fdt_subnode_offset_namelen
                0x000000000090afbe       0x72 lib/libfdt/fdt_ro.o
                0x000000000090afbe                fdt_subnode_offset_namelen
 .text.fdt_subnode_offset
                0x000000000090b030       0x1e lib/libfdt/fdt_ro.o
                0x000000000090b030                fdt_subnode_offset
 .text.fdt_first_property_offset
                0x000000000090b04e       0x18 lib/libfdt/fdt_ro.o
                0x000000000090b04e                fdt_first_property_offset
 .text.fdt_next_property_offset
                0x000000000090b066       0x18 lib/libfdt/fdt_ro.o
                0x000000000090b066                fdt_next_property_offset
 .text.fdt_get_property_namelen_
                0x000000000090b07e       0x6c lib/libfdt/fdt_ro.o
 .text.fdt_getprop_namelen
                0x000000000090b0ea       0x16 lib/libfdt/fdt_ro.o
                0x000000000090b0ea                fdt_getprop_namelen
 .text.fdt_getprop
                0x000000000090b100       0x22 lib/libfdt/fdt_ro.o
                0x000000000090b100                fdt_getprop
 *fill*         0x000000000090b122        0x2 
 .text.fdt_get_alias_namelen
                0x000000000090b124       0x2c lib/libfdt/fdt_ro.o
                0x000000000090b124                fdt_get_alias_namelen
 .text.fdt_path_offset_namelen
                0x000000000090b150       0x88 lib/libfdt/fdt_ro.o
                0x000000000090b150                fdt_path_offset_namelen
 .text.fdt_path_offset
                0x000000000090b1d8       0x1a lib/libfdt/fdt_ro.o
                0x000000000090b1d8                fdt_path_offset
 .text.__div64_32
                0x000000000090b1f2       0x7a lib/div64.o
                0x000000000090b1f2                __div64_32
 .text.hang     0x000000000090b26c       0x10 lib/hang.o
                0x000000000090b26c                hang
 .text.strcmp   0x000000000090b27c       0x16 lib/string.o
                0x000000000090b27c                strcmp
 .text.strchr   0x000000000090b292       0x1a lib/string.o
                0x000000000090b292                strchr
 .text.strlen   0x000000000090b2ac       0x10 lib/string.o
                0x000000000090b2ac                strlen
 .text.strrchr  0x000000000090b2bc       0x20 lib/string.o
                0x000000000090b2bc                strrchr
 .text.memmove  0x000000000090b2dc       0x2a lib/string.o
                0x000000000090b2dc                memmove
 .text.memcmp   0x000000000090b306       0x1e lib/string.o
                0x000000000090b306                memcmp
 .text.memchr   0x000000000090b324       0x1c lib/string.o
                0x000000000090b324                memchr
 .text.tick_to_time
                0x000000000090b340       0x38 lib/time.o
 .text.get_ticks
                0x000000000090b378       0x26 lib/time.o
                0x000000000090b378                get_ticks
 .text.get_timer
                0x000000000090b39e       0x10 lib/time.o
                0x000000000090b39e                get_timer
 .text.timer_get_us
                0x000000000090b3ae       0x18 lib/time.o
                0x000000000090b3ae                timer_get_us
 *fill*         0x000000000090b3c6        0x2 
 .text.usec_to_tick
                0x000000000090b3c8       0x50 lib/time.o
                0x000000000090b3c8                usec_to_tick
 .text.__udelay
                0x000000000090b418       0x2a lib/time.o
                0x000000000090b418                __udelay
 *fill*         0x000000000090b442        0x2 
 .text.udelay   0x000000000090b444       0x20 lib/time.o
                0x000000000090b444                udelay
 .text.panic_finish
                0x000000000090b464       0x20 lib/panic.o
 .text.panic    0x000000000090b484       0x14 lib/panic.o
                0x000000000090b484                panic
 .text.__assert_fail
                0x000000000090b498       0x10 lib/panic.o
                0x000000000090b498                __assert_fail
 .text.div_out  0x000000000090b4a8       0x34 lib/tiny-printf.o
 .text.putc_normal
                0x000000000090b4dc        0x6 lib/tiny-printf.o
 *fill*         0x000000000090b4e2        0x2 
 .text._vprintf
                0x000000000090b4e4      0x1e8 lib/tiny-printf.o
 .text.vprintf  0x000000000090b6cc       0x1c lib/tiny-printf.o
                0x000000000090b6cc                vprintf
 .text.printf   0x000000000090b6e8       0x24 lib/tiny-printf.o
                0x000000000090b6e8                printf
 .text._parse_integer_fixup_radix
                0x000000000090b70c       0x38 lib/strto.o
 .text.decode_digit
                0x000000000090b744       0x2c lib/strto.o
 .text.simple_strtoul
                0x000000000090b770       0x32 lib/strto.o
                0x000000000090b770                simple_strtoul
 .text.dectoul  0x000000000090b7a2        0x6 lib/strto.o
                0x000000000090b7a2                dectoul
 .text.gpio_get_value
                0x000000000090b7a8       0x2c drivers/gpio/mxc_gpio.o
                0x000000000090b7a8                gpio_get_value
 .text.mmc_set_ios
                0x000000000090b7d4        0xe drivers/mmc/mmc.o
 .text.mmc_set_capacity
                0x000000000090b7e2       0x62 drivers/mmc/mmc.o
 .text.mmc_send_cmd
                0x000000000090b844        0x8 drivers/mmc/mmc.o
                0x000000000090b844                mmc_send_cmd
 .text.mmc_go_idle
                0x000000000090b84c       0x32 drivers/mmc/mmc.o
 *fill*         0x000000000090b87e        0x2 
 .text.mmc_send_op_cond_iter
                0x000000000090b880       0x44 drivers/mmc/mmc.o
 .text.mmc_send_status
                0x000000000090b8c4       0x36 drivers/mmc/mmc.o
                0x000000000090b8c4                mmc_send_status
 .text.__mmc_switch.constprop.0
                0x000000000090b8fa       0xc2 drivers/mmc/mmc.o
 .text.mmc_set_blocklen
                0x000000000090b9bc       0x26 drivers/mmc/mmc.o
                0x000000000090b9bc                mmc_set_blocklen
 *fill*         0x000000000090b9e2        0x2 
 .text.mmc_bread
                0x000000000090b9e4      0x104 drivers/mmc/mmc.o
                0x000000000090b9e4                mmc_bread
 .text.mmc_send_ext_csd
                0x000000000090bae8       0x2e drivers/mmc/mmc.o
                0x000000000090bae8                mmc_send_ext_csd
 *fill*         0x000000000090bb16        0x2 
 .text.mmc_read_and_compare_ext_csd
                0x000000000090bb18       0x78 drivers/mmc/mmc.o
 .text.mmc_set_card_speed.constprop.0
                0x000000000090bb90       0x68 drivers/mmc/mmc.o
 .text.mmc_switch
                0x000000000090bbf8        0x4 drivers/mmc/mmc.o
                0x000000000090bbf8                mmc_switch
 .text.mmc_startup_v4.constprop.0
                0x000000000090bbfc      0x200 drivers/mmc/mmc.o
 .text.mmc_switch_part
                0x000000000090bdfc       0x56 drivers/mmc/mmc.o
                0x000000000090bdfc                mmc_switch_part
 .text.mmc_getcd
                0x000000000090be52       0x20 drivers/mmc/mmc.o
                0x000000000090be52                mmc_getcd
 .text.mmc_set_clock
                0x000000000090be72       0x20 drivers/mmc/mmc.o
                0x000000000090be72                mmc_set_clock
 .text.board_mmc_power_init
                0x000000000090be92        0x2 drivers/mmc/mmc.o
                0x000000000090be92                board_mmc_power_init
 .text.mmc_get_op_cond
                0x000000000090be94      0x1c8 drivers/mmc/mmc.o
                0x000000000090be94                mmc_get_op_cond
 .text.mmc_start_init
                0x000000000090c05c       0x48 drivers/mmc/mmc.o
                0x000000000090c05c                mmc_start_init
 .text.mmc_init
                0x000000000090c0a4      0x7dc drivers/mmc/mmc.o
                0x000000000090c0a4                mmc_init
 .text.mmc_initialize
                0x000000000090c880       0x30 drivers/mmc/mmc.o
                0x000000000090c880                mmc_initialize
 .text.mmc_berase
                0x000000000090c8b0        0x4 drivers/mmc/mmc_legacy.o
 .text.mmc_bwrite
                0x000000000090c8b4        0x4 drivers/mmc/mmc_legacy.o
 .text.find_mmc_device
                0x000000000090c8b8       0x2c drivers/mmc/mmc_legacy.o
                0x000000000090c8b8                find_mmc_device
 .text.mmc_select_hwpartp
                0x000000000090c8e4       0x36 drivers/mmc/mmc_legacy.o
 .text.mmc_get_dev
                0x000000000090c91a       0x1e drivers/mmc/mmc_legacy.o
 .text.mmc_get_next_devnum
                0x000000000090c938       0x10 drivers/mmc/mmc_legacy.o
                0x000000000090c938                mmc_get_next_devnum
 .text.mmc_get_blk_desc
                0x000000000090c948        0x4 drivers/mmc/mmc_legacy.o
                0x000000000090c948                mmc_get_blk_desc
 .text.mmc_do_preinit
                0x000000000090c94c       0x20 drivers/mmc/mmc_legacy.o
                0x000000000090c94c                mmc_do_preinit
 .text.mmc_list_init
                0x000000000090c96c       0x18 drivers/mmc/mmc_legacy.o
                0x000000000090c96c                mmc_list_init
 .text.mmc_list_add
                0x000000000090c984       0x18 drivers/mmc/mmc_legacy.o
                0x000000000090c984                mmc_list_add
 .text.mmc_create
                0x000000000090c99c       0x84 drivers/mmc/mmc_legacy.o
                0x000000000090c99c                mmc_create
 .text.set_sysctl
                0x000000000090ca20       0xd0 drivers/mmc/fsl_esdhc_imx.o
 .text.esdhc_set_ios
                0x000000000090caf0       0x60 drivers/mmc/fsl_esdhc_imx.o
 .text.esdhc_init
                0x000000000090cb50       0x8c drivers/mmc/fsl_esdhc_imx.o
 .text.esdhc_wait_dat0
                0x000000000090cbdc       0x84 drivers/mmc/fsl_esdhc_imx.o
 .text.esdhc_getcd
                0x000000000090cc60       0x28 drivers/mmc/fsl_esdhc_imx.o
 .text.esdhc_send_cmd
                0x000000000090cc88      0x2b8 drivers/mmc/fsl_esdhc_imx.o
 .text.fsl_esdhc_initialize
                0x000000000090cf40      0x198 drivers/mmc/fsl_esdhc_imx.o
                0x000000000090cf40                fsl_esdhc_initialize
 .text.fsl_esdhc_mmc_init
                0x000000000090d0d8       0x22 drivers/mmc/fsl_esdhc_imx.o
                0x000000000090d0d8                fsl_esdhc_mmc_init
 *fill*         0x000000000090d0fa        0x2 
 .text.get_current
                0x000000000090d0fc       0x2c drivers/serial/serial.o
 .text.serial_init
                0x000000000090d128       0x1a drivers/serial/serial.o
                0x000000000090d128                serial_init
 .text.serial_setbrg
                0x000000000090d142        0xe drivers/serial/serial.o
                0x000000000090d142                serial_setbrg
 .text.serial_getc
                0x000000000090d150        0xe drivers/serial/serial.o
                0x000000000090d150                serial_getc
 .text.serial_tstc
                0x000000000090d15e        0xe drivers/serial/serial.o
                0x000000000090d15e                serial_tstc
 .text.serial_putc
                0x000000000090d16c       0x12 drivers/serial/serial.o
                0x000000000090d16c                serial_putc
 .text.serial_puts
                0x000000000090d17e       0x12 drivers/serial/serial.o
                0x000000000090d17e                serial_puts
 .text.default_serial_puts
                0x000000000090d190       0x1a drivers/serial/serial.o
                0x000000000090d190                default_serial_puts
 *fill*         0x000000000090d1aa        0x2 
 .text.mxc_serial_getc
                0x000000000090d1ac       0x1c drivers/serial/serial_mxc.o
 .text.mxc_serial_tstc
                0x000000000090d1c8       0x18 drivers/serial/serial_mxc.o
 .text.mxc_serial_putc
                0x000000000090d1e0       0x28 drivers/serial/serial_mxc.o
 .text.mxc_serial_setbrg
                0x000000000090d208       0x70 drivers/serial/serial_mxc.o
 .text.mxc_serial_init
                0x000000000090d278       0x6c drivers/serial/serial_mxc.o
 .text.default_serial_console
                0x000000000090d2e4        0x8 drivers/serial/serial_mxc.o
                0x000000000090d2e4                default_serial_console
 .text.usb_ep_autoconfig
                0x000000000090d2ec      0x140 drivers/usb/gadget/epautoconf.o
                0x000000000090d2ec                usb_ep_autoconfig
 .text.usb_ep_autoconfig_reset
                0x000000000090d42c       0x28 drivers/usb/gadget/epautoconf.o
                0x000000000090d42c                usb_ep_autoconfig_reset
 .text.usb_descriptor_fillbuf
                0x000000000090d454       0x38 drivers/usb/gadget/config.o
                0x000000000090d454                usb_descriptor_fillbuf
 .text.usb_gadget_get_string
                0x000000000090d48c       0xe6 drivers/usb/gadget/usbstring.o
                0x000000000090d48c                usb_gadget_get_string
 .text.count_configs
                0x000000000090d572       0x58 drivers/usb/gadget/g_dnl.o
 .text.reset_config
                0x000000000090d5ca       0x2c drivers/usb/gadget/g_dnl.o
 .text.collect_langs
                0x000000000090d5f6       0x32 drivers/usb/gadget/g_dnl.o
 .text.composite_setup_complete
                0x000000000090d628        0x2 drivers/usb/gadget/g_dnl.o
 *fill*         0x000000000090d62a        0x2 
 .text.composite_disconnect
                0x000000000090d62c       0x24 drivers/usb/gadget/g_dnl.o
 .text.composite_suspend
                0x000000000090d650       0x44 drivers/usb/gadget/g_dnl.o
 .text.composite_resume
                0x000000000090d694       0x44 drivers/usb/gadget/g_dnl.o
 .text.g_dnl_unbind
                0x000000000090d6d8       0x12 drivers/usb/gadget/g_dnl.o
 .text.lookup_string
                0x000000000090d6ea       0x2a drivers/usb/gadget/g_dnl.o
 .text.composite_unbind
                0x000000000090d714       0xb0 drivers/usb/gadget/g_dnl.o
 .text.composite_bind
                0x000000000090d7c4      0x148 drivers/usb/gadget/g_dnl.o
 .text.g_dnl_do_config
                0x000000000090d90c       0x28 drivers/usb/gadget/g_dnl.o
 .text.composite_setup
                0x000000000090d934      0x6b0 drivers/usb/gadget/g_dnl.o
 .text.usb_add_function
                0x000000000090dfe4       0x88 drivers/usb/gadget/g_dnl.o
                0x000000000090dfe4                usb_add_function
 .text.usb_interface_id
                0x000000000090e06c       0x1e drivers/usb/gadget/g_dnl.o
                0x000000000090e06c                usb_interface_id
 .text.usb_add_config
                0x000000000090e08a       0xaa drivers/usb/gadget/g_dnl.o
                0x000000000090e08a                usb_add_config
 .text.usb_string_id
                0x000000000090e134       0x18 drivers/usb/gadget/g_dnl.o
                0x000000000090e134                usb_string_id
 .text.usb_composite_register
                0x000000000090e14c       0x3c drivers/usb/gadget/g_dnl.o
                0x000000000090e14c                usb_composite_register
 .text.g_dnl_bind
                0x000000000090e188       0xf0 drivers/usb/gadget/g_dnl.o
 .text.g_dnl_clear_detach
                0x000000000090e278        0xc drivers/usb/gadget/g_dnl.o
                0x000000000090e278                g_dnl_clear_detach
 .text.g_dnl_register
                0x000000000090e284       0x2c drivers/usb/gadget/g_dnl.o
                0x000000000090e284                g_dnl_register
 .text.sdp_get_alt
                0x000000000090e2b0        0x6 drivers/usb/gadget/f_sdp.o
 *fill*         0x000000000090e2b6        0x2 
 .text.sdp_tx_complete
                0x000000000090e2b8       0x54 drivers/usb/gadget/f_sdp.o
 .text.sdp_load_read
                0x000000000090e30c       0x12 drivers/usb/gadget/f_sdp.o
 *fill*         0x000000000090e31e        0x2 
 .text.sdp_rx_data_complete
                0x000000000090e320       0x7c drivers/usb/gadget/f_sdp.o
 .text.sdp_setup
                0x000000000090e39c       0xbc drivers/usb/gadget/f_sdp.o
 .text.sdp_rx_command_complete
                0x000000000090e458      0x178 drivers/usb/gadget/f_sdp.o
 .text.alloc_ep_req
                0x000000000090e5d0       0x32 drivers/usb/gadget/f_sdp.o
 *fill*         0x000000000090e602        0x2 
 .text.sdp_add  0x000000000090e604       0xa4 drivers/usb/gadget/f_sdp.o
                0x000000000090e604                sdp_add
 .text.sdp_disable
                0x000000000090e6a8       0x50 drivers/usb/gadget/f_sdp.o
 .text.sdp_unbind
                0x000000000090e6f8       0x14 drivers/usb/gadget/f_sdp.o
 .text.sdp_bind
                0x000000000090e70c       0x70 drivers/usb/gadget/f_sdp.o
 .text.sdp_set_alt
                0x000000000090e77c       0xc4 drivers/usb/gadget/f_sdp.o
 .text.sdp_init
                0x000000000090e840       0x3c drivers/usb/gadget/f_sdp.o
                0x000000000090e840                sdp_init
 .text.spl_sdp_handle
                0x000000000090e87c      0x264 drivers/usb/gadget/f_sdp.o
                0x000000000090e87c                spl_sdp_handle
 .text.ci_ep_disable
                0x000000000090eae0        0xa drivers/usb/gadget/ci_udc.o
 .text.ci_ep_dequeue
                0x000000000090eaea       0x48 drivers/usb/gadget/ci_udc.o
 *fill*         0x000000000090eb32        0x2 
 .text.ci_flush_qh
                0x000000000090eb34       0x14 drivers/usb/gadget/ci_udc.o
 .text.ci_flush_qtd
                0x000000000090eb48       0x14 drivers/usb/gadget/ci_udc.o
 .text.ci_ep_free_request
                0x000000000090eb5c       0x30 drivers/usb/gadget/ci_udc.o
 .text.ci_ep_alloc_request
                0x000000000090eb8c       0x40 drivers/usb/gadget/ci_udc.o
 .text.ci_ep_submit_next_request
                0x000000000090ebcc      0x140 drivers/usb/gadget/ci_udc.o
 .text.ci_ep_queue
                0x000000000090ed0c       0xb0 drivers/usb/gadget/ci_udc.o
 .text.ep_enable
                0x000000000090edbc       0x44 drivers/usb/gadget/ci_udc.o
 .text.ci_ep_enable
                0x000000000090ee00       0x40 drivers/usb/gadget/ci_udc.o
 .text.stop_activity
                0x000000000090ee40       0x7c drivers/usb/gadget/ci_udc.o
 .text.ci_init_after_reset
                0x000000000090eebc        0x2 drivers/usb/gadget/ci_udc.o
                0x000000000090eebc                ci_init_after_reset
 *fill*         0x000000000090eebe        0x2 
 .text.udc_irq  0x000000000090eec0      0x360 drivers/usb/gadget/ci_udc.o
                0x000000000090eec0                udc_irq
 .text.usb_gadget_handle_interrupts
                0x000000000090f220       0x1c drivers/usb/gadget/ci_udc.o
                0x000000000090f220                usb_gadget_handle_interrupts
 .text.udc_disconnect
                0x000000000090f23c       0x34 drivers/usb/gadget/ci_udc.o
                0x000000000090f23c                udc_disconnect
 .text.ci_pullup
                0x000000000090f270       0x58 drivers/usb/gadget/ci_udc.o
 .text.usb_gadget_register_driver
                0x000000000090f2c8      0x1dc drivers/usb/gadget/ci_udc.o
                0x000000000090f2c8                usb_gadget_register_driver
 .text.reset_cpu
                0x000000000090f4a4       0x1c drivers/watchdog/imx_watchdog.o
                0x000000000090f4a4                reset_cpu
 .text.ehci_get_port_speed
                0x000000000090f4c0        0x6 drivers/usb/host/ehci-hcd.o
 .text.ehci_set_usbmode
                0x000000000090f4c6       0x18 drivers/usb/host/ehci-hcd.o
 .text.ehci_get_portsc_register
                0x000000000090f4de       0x1c drivers/usb/host/ehci-hcd.o
 .text.ehci_powerup_fixup
                0x000000000090f4fa        0x8 drivers/usb/host/ehci-hcd.o
 .text.handshake
                0x000000000090f502       0x32 drivers/usb/host/ehci-hcd.o
 .text.usb_lowlevel_init
                0x000000000090f534      0x250 drivers/usb/host/ehci-hcd.o
                0x000000000090f534                usb_lowlevel_init
 .text.usb_phy_mode
                0x000000000090f784       0x18 drivers/usb/host/ehci-mx6.o
                0x000000000090f784                usb_phy_mode
 .text.board_usb_phy_mode
                0x000000000090f79c        0x4 drivers/usb/host/ehci-mx6.o
                0x000000000090f79c                board_usb_phy_mode
 .text.board_ehci_hcd_init
                0x000000000090f7a0        0x4 drivers/usb/host/ehci-mx6.o
                0x000000000090f7a0                board_ehci_hcd_init
 .text.board_ehci_power
                0x000000000090f7a4        0x4 drivers/usb/host/ehci-mx6.o
                0x000000000090f7a4                board_ehci_power
 .text.ehci_hcd_init
                0x000000000090f7a8      0x1f0 drivers/usb/host/ehci-mx6.o
                0x000000000090f7a8                ehci_hcd_init
 .text.blk_driver_lookup_type
                0x000000000090f998       0x20 drivers/block/blk_legacy.o
                0x000000000090f998                blk_driver_lookup_type
 .text.blk_dselect_hwpart
                0x000000000090f9b8       0x26 drivers/block/blk_legacy.o
                0x000000000090f9b8                blk_dselect_hwpart
 *fill*         0x000000000090f9de        0x2 
 .text.__udivsi3
                0x000000000090f9e0       0x9c arch/arm/lib/lib1funcs.o
                0x000000000090f9e0                __udivsi3
                0x000000000090f9e0                __aeabi_uidiv
 .text.__divsi3
                0x000000000090fa7c       0xcc arch/arm/lib/lib1funcs.o
                0x000000000090fa7c                __aeabi_idiv
                0x000000000090fa7c                __divsi3
 .text.__aeabi_uidivmod
                0x000000000090fb48       0x30 arch/arm/lib/lib1funcs.o
                0x000000000090fb48                __aeabi_uidivmod
                0x000000000090fb60                __aeabi_idivmod
 .text.Ldiv0    0x000000000090fb78       0x10 arch/arm/lib/lib1funcs.o
 .text.__div0   0x000000000090fb88        0x6 arch/arm/lib/div0.o
                0x000000000090fb88                __div0

.glue_7         0x000000000090fb90        0x0
 .glue_7        0x000000000090fb90        0x0 linker stubs

.glue_7t        0x000000000090fb90        0x0
 .glue_7t       0x000000000090fb90        0x0 linker stubs

.vfp11_veneer   0x000000000090fb90        0x0
 .vfp11_veneer  0x000000000090fb90        0x0 linker stubs

.v4_bx          0x000000000090fb90        0x0
 .v4_bx         0x000000000090fb90        0x0 linker stubs

.iplt           0x000000000090fb90        0x0
 .iplt          0x000000000090fb90        0x0 arch/arm/cpu/armv7/start.o
                0x000000000090fb90                . = ALIGN (0x4)

.rodata         0x000000000090fb90      0xf97
 *(SORT_BY_ALIGNMENT(.rodata*))
 .rodata.uart1_pads
                0x000000000090fb90       0x20 board/freescale/mx6sabresd/mx6sabresd.o
 .rodata.usdhc2_pads
                0x000000000090fbb0       0xb0 board/freescale/mx6sabresd/mx6sabresd.o
 .rodata.usdhc3_pads
                0x000000000090fc60       0xb0 board/freescale/mx6sabresd/mx6sabresd.o
 .rodata.usdhc4_pads
                0x000000000090fd10       0xa0 board/freescale/mx6sabresd/mx6sabresd.o
 .rodata.map.0  0x000000000090fdb0       0x20 arch/arm/mach-imx/mx6/soc.o
 .rodata        0x000000000090fdd0       0x14 common/spl/spl.o
 .rodata.gpio_ports
                0x000000000090fde4       0x1c drivers/gpio/mxc_gpio.o
 .rodata        0x000000000090fe00        0x8 drivers/mmc/mmc.o
 .rodata.ext_csd_bus_width
                0x000000000090fe08       0x3c drivers/mmc/mmc.o
 .rodata.fbase  0x000000000090fe44       0x10 drivers/mmc/mmc.o
 .rodata.freqs.2
                0x000000000090fe54       0x34 drivers/mmc/mmc.o
 .rodata.mmc_modes_by_pref
                0x000000000090fe88       0x20 drivers/mmc/mmc.o
 .rodata.mmc_versions.1
                0x000000000090fea8       0x24 drivers/mmc/mmc.o
 .rodata.sd_modes_by_pref
                0x000000000090fecc       0x10 drivers/mmc/mmc.o
 .rodata.esdhc_ops
                0x000000000090fedc       0x20 drivers/mmc/fsl_esdhc_imx.o
 .rodata.ci_ep_init
                0x000000000090fefc       0xc8 drivers/usb/gadget/ci_udc.o
 .rodata.ci_ep_ops
                0x000000000090ffc4       0x28 drivers/usb/gadget/ci_udc.o
 .rodata.ci_udc_ops
                0x000000000090ffec       0x34 drivers/usb/gadget/ci_udc.o
 .rodata.phy_bases
                0x0000000000910020        0x8 drivers/usb/host/ehci-mx6.o
 .rodata.spl_mmc_boot_mode.str1.1
                0x0000000000910028       0x21 arch/arm/mach-imx/spl.o
 .rodata.mxc_get_clock.str1.1
                0x0000000000910049       0x19 arch/arm/mach-imx/mx6/clock.o
 .rodata.do_reset.str1.1
                0x0000000000910062        0xf arch/arm/lib/reset.o
 .rodata.board_fit_config_name_match.str1.1
                0x0000000000910071       0x2c board/freescale/mx6sabresd/mx6sabresd.o
 .rodata.board_init_r.str1.1
                0x000000000091009d       0x62 common/spl/spl.o
 .rodata.preloader_console_init.str1.1
                0x00000000009100ff       0x45 common/spl/spl.o
 .rodata.spl_fit_get_image_node.str1.1
                0x0000000000910144       0x21 common/spl/spl_fit.o
 .rodata.spl_fit_image_get_os.str1.1
                0x0000000000910165        0xa common/spl/spl_fit.o
 .rodata.spl_load_fit_image.str1.1
                0x000000000091016f       0x70 common/spl/spl_fit.o
 .rodata.spl_fit_append_fdt.str1.1
                0x00000000009101df        0x4 common/spl/spl_fit.o
 .rodata.board_spl_fit_buffer_addr.str1.1
                0x00000000009101e3       0x4a common/spl/spl_fit.o
 .rodata.spl_load_simple_fit.str1.1
                0x000000000091022d       0x4f common/spl/spl_fit.o
 .rodata.__func__.1
                0x000000000091027c       0x13 common/spl/spl_fit.o
 .rodata.__func__.2
                0x000000000091028f       0x14 common/spl/spl_fit.o
 .rodata.spl_mmc_load.str1.1
                0x00000000009102a3      0x10e common/spl/spl_mmc.o
 .rodata.str1.1
                0x00000000009103b1       0x11 common/spl/spl_mmc.o
 .rodata.spl_sdp_load_image.str1.1
                0x00000000009103c2       0x3e common/spl/spl_sdp.o
 .rodata.str1.1
                0x0000000000910400        0x8 common/spl/spl_sdp.o
 .rodata.android_image_check_header.str1.1
                0x0000000000910408        0x9 boot/image-android.o
 .rodata.fit_image_get_address.str1.1
                0x0000000000910411       0x1d boot/image-fit.o
 .rodata.fit_image_get_load.str1.1
                0x000000000091042e       0x1d boot/image-fit.o
                                          0x5 (size before relaxing)
 .rodata.fit_image_get_entry.str1.1
                0x000000000091042e        0x6 boot/image-fit.o
 .rodata.fit_image_get_data.str1.1
                0x0000000000910434        0x5 boot/image-fit.o
 .rodata.fit_image_get_data_offset.str1.1
                0x0000000000910439        0xc boot/image-fit.o
 .rodata.fit_image_get_data_position.str1.1
                0x0000000000910445        0xe boot/image-fit.o
 .rodata.fit_image_get_data_size.str1.1
                0x0000000000910453        0xa boot/image-fit.o
 .rodata.fit_find_config_node.str1.1
                0x000000000091045d       0x48 boot/common_fit.o
 .rodata.__func__.0
                0x00000000009104a5       0x15 boot/common_fit.o
 .rodata.alloc_simple.str1.1
                0x00000000009104ba       0x17 common/malloc_simple.o
 .rodata.fdt_get_alias_namelen.str1.1
                0x00000000009104d1        0x9 lib/libfdt/fdt_ro.o
 .rodata._ctype
                0x00000000009104da      0x100 lib/ctype.o
                0x00000000009104da                _ctype
 .rodata.hang.str1.1
                0x00000000009105da       0x2a lib/hang.o
 .rodata.__assert_fail.str1.1
                0x0000000000910604       0x22 lib/panic.o
 .rodata.mmc_bread.str1.1
                0x0000000000910626       0x47 drivers/mmc/mmc.o
 .rodata.mmc_get_op_cond.str1.1
                0x000000000091066d       0x2e drivers/mmc/mmc.o
 .rodata.mmc_start_init.str1.1
                0x000000000091069b       0x16 drivers/mmc/mmc.o
 .rodata.mmc_init.str1.1
                0x00000000009106b1       0x7c drivers/mmc/mmc.o
 .rodata.multipliers
                0x000000000091072d       0x10 drivers/mmc/mmc.o
 .rodata.find_mmc_device.str1.1
                0x000000000091073d       0x19 drivers/mmc/mmc_legacy.o
 .rodata.str1.1
                0x0000000000910756        0x4 drivers/mmc/mmc_legacy.o
 .rodata.esdhc_send_cmd.str1.1
                0x000000000091075a       0x88 drivers/mmc/fsl_esdhc_imx.o
 .rodata.fsl_esdhc_initialize.str1.1
                0x00000000009107e2       0x43 drivers/mmc/fsl_esdhc_imx.o
 .rodata.get_current.str1.1
                0x0000000000910825       0x15 drivers/serial/serial.o
 .rodata.composite_unbind.str1.1
                0x000000000091083a       0x10 drivers/usb/gadget/g_dnl.o
 .rodata.usb_composite_register.str1.1
                0x000000000091084a        0xa drivers/usb/gadget/g_dnl.o
 .rodata.g_dnl_bind.str1.1
                0x0000000000910854       0x12 drivers/usb/gadget/g_dnl.o
 .rodata.g_dnl_register.str1.1
                0x0000000000910866       0x18 drivers/usb/gadget/g_dnl.o
 .rodata.__func__.0
                0x000000000091087e        0xf drivers/usb/gadget/g_dnl.o
 .rodata.__func__.1
                0x000000000091088d       0x11 drivers/usb/gadget/g_dnl.o
 .rodata.manufacturer
                0x000000000091089e        0x4 drivers/usb/gadget/g_dnl.o
 .rodata.product
                0x00000000009108a2       0x14 drivers/usb/gadget/g_dnl.o
 .rodata.sdp_tx_complete.str1.1
                0x00000000009108b6       0x1d drivers/usb/gadget/f_sdp.o
 .rodata.sdp_rx_data_complete.str1.1
                0x00000000009108d3       0x2f drivers/usb/gadget/f_sdp.o
 .rodata.sdp_rx_command_complete.str1.1
                0x0000000000910902       0x64 drivers/usb/gadget/f_sdp.o
 .rodata.sdp_add.str1.1
                0x0000000000910966       0x64 drivers/usb/gadget/f_sdp.o
                                          0x4 (size before relaxing)
 .rodata.sdp_init.str1.1
                0x0000000000910966       0x32 drivers/usb/gadget/f_sdp.o
 .rodata.spl_sdp_handle.str1.1
                0x0000000000910998       0xc2 drivers/usb/gadget/f_sdp.o
 .rodata.str1.1
                0x0000000000910a5a        0xc drivers/usb/gadget/f_sdp.o
 .rodata.sdp_name
                0x0000000000910a5a       0x1b drivers/usb/gadget/f_sdp.o
 .rodata.ci_ep_queue.str1.1
                0x0000000000910a75       0x29 drivers/usb/gadget/ci_udc.o
 .rodata.udc_irq.str1.1
                0x0000000000910a9e       0x2e drivers/usb/gadget/ci_udc.o
 .rodata.str1.1
                0x0000000000910acc       0x29 drivers/usb/gadget/ci_udc.o
                                         0x30 (size before relaxing)
 .rodata.__func__.0
                0x0000000000910af5        0xc drivers/usb/gadget/ci_udc.o
 .rodata.usb_lowlevel_init.str1.1
                0x0000000000910b01       0x26 drivers/usb/host/ehci-hcd.o

.rel.dyn        0x0000000000910b28        0x0
 .rel.iplt      0x0000000000910b28        0x0 arch/arm/cpu/armv7/start.o
                0x0000000000910b28                . = ALIGN (0x4)

.data           0x0000000000910b28     0x1185
 *(SORT_BY_ALIGNMENT(.data*))
 .data          0x0000000000910b28      0x100 arch/arm/lib/spl.o
                0x0000000000910b28                gdata
 .data.imx_ccm  0x0000000000910c28        0x4 arch/arm/mach-imx/mx6/clock.o
                0x0000000000910c28                imx_ccm
 .data.mx6dl_dcd_table
                0x0000000000910c2c      0x298 board/freescale/mx6sabresd/mx6sabresd.o
 .data.mx6q_dcd_table
                0x0000000000910ec4      0x298 board/freescale/mx6sabresd/mx6sabresd.o
 .data.mx6qp_dcd_table
                0x000000000091115c      0x2e8 board/freescale/mx6sabresd/mx6sabresd.o
 .data.usdhc_cfg
                0x0000000000911444       0x9c board/freescale/mx6sabresd/mx6sabresd.o
                0x0000000000911444                usdhc_cfg
 .data          0x00000000009114e0       0x44 common/spl/spl.o
 .data.av_      0x0000000000911524      0x408 common/dlmalloc.o
 .data.sbrk_base
                0x000000000091192c        0x4 common/dlmalloc.o
 .data.trim_threshold
                0x0000000000911930        0x4 common/dlmalloc.o
 .data.cur_dev_num
                0x0000000000911934        0x4 drivers/mmc/mmc_legacy.o
 .data.mxc_serial_drv
                0x0000000000911938       0x30 drivers/serial/serial_mxc.o
 .data.composite_driver
                0x0000000000911968       0x24 drivers/usb/gadget/g_dnl.o
 .data.g_dnl_composite_strings
                0x000000000091198c        0x8 drivers/usb/gadget/g_dnl.o
 .data.g_dnl_driver
                0x0000000000911994       0x24 drivers/usb/gadget/g_dnl.o
 .data.g_dnl_string_defs
                0x00000000009119b8       0x20 drivers/usb/gadget/g_dnl.o
 .data.g_dnl_string_tab
                0x00000000009119d8        0x8 drivers/usb/gadget/g_dnl.o
 .data.sdp_generic_strings
                0x00000000009119e0        0x8 drivers/usb/gadget/f_sdp.o
 .data.sdp_runtime_descs
                0x00000000009119e8       0x14 drivers/usb/gadget/f_sdp.o
 .data.sdp_runtime_hs_descs
                0x00000000009119fc       0x14 drivers/usb/gadget/f_sdp.o
 .data.strings_sdp_generic
                0x0000000000911a10       0x10 drivers/usb/gadget/f_sdp.o
 .data.stringtab_sdp_generic
                0x0000000000911a20        0x8 drivers/usb/gadget/f_sdp.o
 .data.controller
                0x0000000000911a28      0x1a8 drivers/usb/gadget/ci_udc.o
 .data.device_desc
                0x0000000000911bd0       0x12 drivers/usb/gadget/g_dnl.o
 .data.qw_sign_buf
                0x0000000000911be2        0x7 drivers/usb/gadget/g_dnl.o
 .data.in_desc  0x0000000000911be9        0x9 drivers/usb/gadget/f_sdp.o
 .data.in_hs_desc
                0x0000000000911bf2        0x9 drivers/usb/gadget/f_sdp.o
 .data.out_desc
                0x0000000000911bfb        0x9 drivers/usb/gadget/f_sdp.o
 .data.out_hs_desc
                0x0000000000911c04        0x9 drivers/usb/gadget/f_sdp.o
 .data.sdp_hid_desc
                0x0000000000911c0d        0x9 drivers/usb/gadget/f_sdp.o
 .data.sdp_hid_report
                0x0000000000911c16       0x4c drivers/usb/gadget/f_sdp.o
 .data.sdp_intf_runtime
                0x0000000000911c62        0x9 drivers/usb/gadget/f_sdp.o
 .data.ep0_desc
                0x0000000000911c6b        0x9 drivers/usb/gadget/ci_udc.o
 .data.descriptor
                0x0000000000911c74       0x39 drivers/usb/host/ehci-hcd.o

.igot.plt       0x0000000000911cb0        0x0
 .igot.plt      0x0000000000911cb0        0x0 arch/arm/cpu/armv7/start.o
                0x0000000000911cb0                . = ALIGN (0x4)

__u_boot_list   0x0000000000911cb0       0x50
 *(SORT_BY_NAME(__u_boot_list*))
 __u_boot_list_2_blk_driver_1
                0x0000000000911cb0        0x0 drivers/block/blk_legacy.o
 __u_boot_list_2_blk_driver_2_mmc
                0x0000000000911cb0       0x18 drivers/mmc/mmc_legacy.o
                0x0000000000911cb0                _u_boot_list_2_blk_driver_2_mmc
 __u_boot_list_2_blk_driver_3
                0x0000000000911cc8        0x0 drivers/block/blk_legacy.o
 __u_boot_list_2_cmd_1
                0x0000000000911cc8        0x0 common/command.o
 __u_boot_list_2_cmd_3
                0x0000000000911cc8        0x0 common/command.o
 __u_boot_list_2_fit_loadable_1
                0x0000000000911cc8        0x0 boot/image-board.o
 __u_boot_list_2_fit_loadable_3
                0x0000000000911cc8        0x0 boot/image-board.o
 __u_boot_list_2_g_dnl_bind_callbacks_1
                0x0000000000911cc8        0x0 drivers/usb/gadget/g_dnl.o
 __u_boot_list_2_g_dnl_bind_callbacks_2___usb_function_name_usb_dnl_sdp
                0x0000000000911cc8        0x8 drivers/usb/gadget/f_sdp.o
                0x0000000000911cc8                _u_boot_list_2_g_dnl_bind_callbacks_2___usb_function_name_usb_dnl_sdp
 __u_boot_list_2_spl_image_loader_1
                0x0000000000911cd0        0x0 common/spl/spl.o
 __u_boot_list_2_spl_image_loader_2_BOOT_DEVICE_BOARD0spl_sdp_load_image
                0x0000000000911cd0        0xc common/spl/spl_sdp.o
                0x0000000000911cd0                _u_boot_list_2_spl_image_loader_2_BOOT_DEVICE_BOARD0spl_sdp_load_image
 __u_boot_list_2_spl_image_loader_2_BOOT_DEVICE_MMC10spl_mmc_load_image
                0x0000000000911cdc        0xc common/spl/spl_mmc.o
                0x0000000000911cdc                _u_boot_list_2_spl_image_loader_2_BOOT_DEVICE_MMC10spl_mmc_load_image
 __u_boot_list_2_spl_image_loader_2_BOOT_DEVICE_MMC20spl_mmc_load_image
                0x0000000000911ce8        0xc common/spl/spl_mmc.o
                0x0000000000911ce8                _u_boot_list_2_spl_image_loader_2_BOOT_DEVICE_MMC20spl_mmc_load_image
 __u_boot_list_2_spl_image_loader_2_BOOT_DEVICE_MMC2_20spl_mmc_load_image
                0x0000000000911cf4        0xc common/spl/spl_mmc.o
                0x0000000000911cf4                _u_boot_list_2_spl_image_loader_2_BOOT_DEVICE_MMC2_20spl_mmc_load_image
 __u_boot_list_2_spl_image_loader_3
                0x0000000000911d00        0x0 common/spl/spl.o
                0x0000000000911d00                . = ALIGN (0x4)
                0x0000000000911d00                __image_copy_end = .

.end
 *(.__end)
                0x0000000000911d00                _image_binary_end = .

.bss            0x0000000018200000      0x300
                0x0000000018200000                . = ALIGN (0x4)
                0x0000000018200000                __bss_start = .
 *(.bss*)
 .bss.mmc.0     0x0000000018200000        0x4 common/spl/spl_mmc.o
 .bss.ctrlc_disabled
                0x0000000018200004        0x4 common/console.o
 .bss.ctrlc_was_pressed
                0x0000000018200008        0x4 common/console.o
 .bss.current_mallinfo
                0x000000001820000c       0x28 common/dlmalloc.o
 .bss.max_sbrked_mem
                0x0000000018200034        0x4 common/dlmalloc.o
 .bss.max_total_mem
                0x0000000018200038        0x4 common/dlmalloc.o
 .bss.mem_malloc_brk
                0x000000001820003c        0x4 common/dlmalloc.o
                0x000000001820003c                mem_malloc_brk
 .bss.mem_malloc_end
                0x0000000018200040        0x4 common/dlmalloc.o
                0x0000000018200040                mem_malloc_end
 .bss.mem_malloc_start
                0x0000000018200044        0x4 common/dlmalloc.o
                0x0000000018200044                mem_malloc_start
 .bss.top_pad   0x0000000018200048        0x4 common/dlmalloc.o
 .bss.stdio_devices
                0x000000001820004c        0xc common/stdio.o
                0x000000001820004c                stdio_devices
 .bss.initialized.0
                0x0000000018200058        0x4 drivers/mmc/mmc.o
 .bss.mmc_devices
                0x000000001820005c        0x8 drivers/mmc/mmc_legacy.o
 .bss.serial_current
                0x0000000018200064        0x4 drivers/serial/serial.o
 .bss.epnum     0x0000000018200068        0x4 drivers/usb/gadget/epautoconf.o
 .bss.composite
                0x000000001820006c        0x4 drivers/usb/gadget/g_dnl.o
 .bss.g_dnl_detach_request
                0x0000000018200070        0x1 drivers/usb/gadget/g_dnl.o
 .bss.g_dnl_serial
                0x0000000018200071      0x100 drivers/usb/gadget/g_dnl.o
 *fill*         0x0000000018200171        0x3 
 .bss.sdp_func  0x0000000018200174        0x4 drivers/usb/gadget/f_sdp.o
 *fill*         0x0000000018200178        0x8 
 .bss.ehcic     0x0000000018200180      0x180 drivers/usb/host/ehci-hcd.o
                0x0000000018200300                . = ALIGN (0x4)
                0x0000000018200300                __bss_end = .
Address of section .text set to 0x908000
LOAD arch/arm/cpu/armv7/start.o
LOAD arch/arm/mach-imx/built-in.o
LOAD arch/arm/cpu/armv7/built-in.o
LOAD arch/arm/cpu/built-in.o
LOAD arch/arm/lib/built-in.o
LOAD board/freescale/mx6sabresd/built-in.o
LOAD board/freescale/common/built-in.o
LOAD common/spl/built-in.o
LOAD common/init/built-in.o
LOAD boot/built-in.o
LOAD common/built-in.o
LOAD cmd/built-in.o
LOAD env/built-in.o
LOAD lib/built-in.o
LOAD disk/built-in.o
LOAD drivers/built-in.o
LOAD drivers/usb/dwc3/built-in.o
LOAD drivers/usb/cdns3/built-in.o
LOAD dts/built-in.o
LOAD fs/built-in.o
LOAD arch/arm/lib/eabi_compat.o
LOAD arch/arm/lib/lib.a
OUTPUT(u-boot-spl elf32-littlearm)
LOAD linker stubs

.ARM.attributes
                0x0000000000000000       0x29
 .ARM.attributes
                0x0000000000000000       0x1d arch/arm/cpu/armv7/start.o
 .ARM.attributes
                0x000000000000001d       0x2d arch/arm/mach-imx/iomux-v3.o
 .ARM.attributes
                0x000000000000004a       0x2d arch/arm/mach-imx/cpu.o
 .ARM.attributes
                0x0000000000000077       0x2d arch/arm/mach-imx/timer.o
 .ARM.attributes
                0x00000000000000a4       0x2d arch/arm/mach-imx/spl.o
 .ARM.attributes
                0x00000000000000d1       0x2d arch/arm/mach-imx/cache.o
 .ARM.attributes
                0x00000000000000fe       0x2d arch/arm/mach-imx/init.o
 .ARM.attributes
                0x000000000000012b       0x2d arch/arm/mach-imx/mx6/soc.o
 .ARM.attributes
                0x0000000000000158       0x2d arch/arm/mach-imx/mx6/clock.o
 .ARM.attributes
                0x0000000000000185       0x2d arch/arm/cpu/armv7/cache_v7.o
 .ARM.attributes
                0x00000000000001b2       0x1d arch/arm/cpu/armv7/lowlevel_init.o
 .ARM.attributes
                0x00000000000001cf       0x1d arch/arm/lib/vectors.o
 .ARM.attributes
                0x00000000000001ec       0x1d arch/arm/lib/crt0.o
 .ARM.attributes
                0x0000000000000209       0x2d arch/arm/lib/spl.o
 .ARM.attributes
                0x0000000000000236       0x1d arch/arm/lib/memset.o
 .ARM.attributes
                0x0000000000000253       0x1d arch/arm/lib/memcpy.o
 .ARM.attributes
                0x0000000000000270       0x2d arch/arm/lib/interrupts.o
 .ARM.attributes
                0x000000000000029d       0x2d arch/arm/lib/reset.o
 .ARM.attributes
                0x00000000000002ca       0x2d arch/arm/lib/cache.o
 .ARM.attributes
                0x00000000000002f7       0x2d board/freescale/mx6sabresd/mx6sabresd.o
 .ARM.attributes
                0x0000000000000324       0x2d common/spl/spl.o
 .ARM.attributes
                0x0000000000000351       0x2d common/spl/spl_fit.o
 .ARM.attributes
                0x000000000000037e       0x2d common/spl/spl_legacy.o
 .ARM.attributes
                0x00000000000003ab       0x2d common/spl/spl_mmc.o
 .ARM.attributes
                0x00000000000003d8       0x2d common/spl/spl_sdp.o
 .ARM.attributes
                0x0000000000000405       0x2d common/init/board_init.o
 .ARM.attributes
                0x0000000000000432       0x2d boot/image-board.o
 .ARM.attributes
                0x000000000000045f       0x2d boot/image-android.o
 .ARM.attributes
                0x000000000000048c       0x2d boot/image-fit.o
 .ARM.attributes
                0x00000000000004b9       0x2d boot/common_fit.o
 .ARM.attributes
                0x00000000000004e6       0x2d common/usb.o
 .ARM.attributes
                0x0000000000000513       0x2d common/console.o
 .ARM.attributes
                0x0000000000000540       0x2d common/dlmalloc.o
 .ARM.attributes
                0x000000000000056d       0x2d common/malloc_simple.o
 .ARM.attributes
                0x000000000000059a       0x2d common/stdio.o
 .ARM.attributes
                0x00000000000005c7       0x2d common/command.o
 .ARM.attributes
                0x00000000000005f4       0x2d lib/libfdt/fdt.o
 .ARM.attributes
                0x0000000000000621       0x2d lib/libfdt/fdt_ro.o
 .ARM.attributes
                0x000000000000064e       0x2d lib/ctype.o
 .ARM.attributes
                0x000000000000067b       0x2d lib/div64.o
 .ARM.attributes
                0x00000000000006a8       0x2d lib/hang.o
 .ARM.attributes
                0x00000000000006d5       0x2d lib/string.o
 .ARM.attributes
                0x0000000000000702       0x2d lib/time.o
 .ARM.attributes
                0x000000000000072f       0x2d lib/panic.o
 .ARM.attributes
                0x000000000000075c       0x2d lib/tiny-printf.o
 .ARM.attributes
                0x0000000000000789       0x2d lib/strto.o
 .ARM.attributes
                0x00000000000007b6       0x2d drivers/gpio/mxc_gpio.o
 .ARM.attributes
                0x00000000000007e3       0x2d drivers/mmc/mmc.o
 .ARM.attributes
                0x0000000000000810       0x2d drivers/mmc/mmc_legacy.o
 .ARM.attributes
                0x000000000000083d       0x2d drivers/mmc/fsl_esdhc_imx.o
 .ARM.attributes
                0x000000000000086a       0x2d drivers/serial/serial.o
 .ARM.attributes
                0x0000000000000897       0x2d drivers/serial/serial_mxc.o
 .ARM.attributes
                0x00000000000008c4       0x2d drivers/usb/gadget/epautoconf.o
 .ARM.attributes
                0x00000000000008f1       0x2d drivers/usb/gadget/config.o
 .ARM.attributes
                0x000000000000091e       0x2d drivers/usb/gadget/usbstring.o
 .ARM.attributes
                0x000000000000094b       0x2d drivers/usb/gadget/g_dnl.o
 .ARM.attributes
                0x0000000000000978       0x2d drivers/usb/gadget/f_sdp.o
 .ARM.attributes
                0x00000000000009a5       0x2d drivers/usb/gadget/ci_udc.o
 .ARM.attributes
                0x00000000000009d2       0x2d drivers/watchdog/imx_watchdog.o
 .ARM.attributes
                0x00000000000009ff       0x2d drivers/usb/host/ehci-hcd.o
 .ARM.attributes
                0x0000000000000a2c       0x2d drivers/usb/host/ehci-mx6.o
 .ARM.attributes
                0x0000000000000a59       0x2d drivers/block/blk_legacy.o
 .ARM.attributes
                0x0000000000000a86       0x1d arch/arm/lib/lib1funcs.o
 .ARM.attributes
                0x0000000000000aa3       0x2d arch/arm/lib/div0.o

.comment        0x0000000000000000       0x12
 .comment       0x0000000000000000       0x12 arch/arm/mach-imx/iomux-v3.o
                                         0x13 (size before relaxing)
 .comment       0x0000000000000012       0x13 arch/arm/mach-imx/cpu.o
 .comment       0x0000000000000012       0x13 arch/arm/mach-imx/timer.o
 .comment       0x0000000000000012       0x13 arch/arm/mach-imx/spl.o
 .comment       0x0000000000000012       0x13 arch/arm/mach-imx/cache.o
 .comment       0x0000000000000012       0x13 arch/arm/mach-imx/init.o
 .comment       0x0000000000000012       0x13 arch/arm/mach-imx/mx6/soc.o
 .comment       0x0000000000000012       0x13 arch/arm/mach-imx/mx6/clock.o
 .comment       0x0000000000000012       0x13 arch/arm/cpu/armv7/cache_v7.o
 .comment       0x0000000000000012       0x13 arch/arm/lib/spl.o
 .comment       0x0000000000000012       0x13 arch/arm/lib/interrupts.o
 .comment       0x0000000000000012       0x13 arch/arm/lib/reset.o
 .comment       0x0000000000000012       0x13 arch/arm/lib/cache.o
 .comment       0x0000000000000012       0x13 board/freescale/mx6sabresd/mx6sabresd.o
 .comment       0x0000000000000012       0x13 common/spl/spl.o
 .comment       0x0000000000000012       0x13 common/spl/spl_fit.o
 .comment       0x0000000000000012       0x13 common/spl/spl_legacy.o
 .comment       0x0000000000000012       0x13 common/spl/spl_mmc.o
 .comment       0x0000000000000012       0x13 common/spl/spl_sdp.o
 .comment       0x0000000000000012       0x13 common/init/board_init.o
 .comment       0x0000000000000012       0x13 boot/image-board.o
 .comment       0x0000000000000012       0x13 boot/image-android.o
 .comment       0x0000000000000012       0x13 boot/image-fit.o
 .comment       0x0000000000000012       0x13 boot/common_fit.o
 .comment       0x0000000000000012       0x13 common/usb.o
 .comment       0x0000000000000012       0x13 common/console.o
 .comment       0x0000000000000012       0x13 common/dlmalloc.o
 .comment       0x0000000000000012       0x13 common/malloc_simple.o
 .comment       0x0000000000000012       0x13 common/stdio.o
 .comment       0x0000000000000012       0x13 common/command.o
 .comment       0x0000000000000012       0x13 lib/libfdt/fdt.o
 .comment       0x0000000000000012       0x13 lib/libfdt/fdt_ro.o
 .comment       0x0000000000000012       0x13 lib/ctype.o
 .comment       0x0000000000000012       0x13 lib/div64.o
 .comment       0x0000000000000012       0x13 lib/hang.o
 .comment       0x0000000000000012       0x13 lib/string.o
 .comment       0x0000000000000012       0x13 lib/time.o
 .comment       0x0000000000000012       0x13 lib/panic.o
 .comment       0x0000000000000012       0x13 lib/tiny-printf.o
 .comment       0x0000000000000012       0x13 lib/strto.o
 .comment       0x0000000000000012       0x13 drivers/gpio/mxc_gpio.o
 .comment       0x0000000000000012       0x13 drivers/mmc/mmc.o
 .comment       0x0000000000000012       0x13 drivers/mmc/mmc_legacy.o
 .comment       0x0000000000000012       0x13 drivers/mmc/fsl_esdhc_imx.o
 .comment       0x0000000000000012       0x13 drivers/serial/serial.o
 .comment       0x0000000000000012       0x13 drivers/serial/serial_mxc.o
 .comment       0x0000000000000012       0x13 drivers/usb/gadget/epautoconf.o
 .comment       0x0000000000000012       0x13 drivers/usb/gadget/config.o
 .comment       0x0000000000000012       0x13 drivers/usb/gadget/usbstring.o
 .comment       0x0000000000000012       0x13 drivers/usb/gadget/g_dnl.o
 .comment       0x0000000000000012       0x13 drivers/usb/gadget/f_sdp.o
 .comment       0x0000000000000012       0x13 drivers/usb/gadget/ci_udc.o
 .comment       0x0000000000000012       0x13 drivers/watchdog/imx_watchdog.o
 .comment       0x0000000000000012       0x13 drivers/usb/host/ehci-hcd.o
 .comment       0x0000000000000012       0x13 drivers/usb/host/ehci-mx6.o
 .comment       0x0000000000000012       0x13 drivers/block/blk_legacy.o
 .comment       0x0000000000000012       0x13 arch/arm/lib/div0.o

.note.GNU-stack
                0x0000000000000000        0x0
 .note.GNU-stack
                0x0000000000000000        0x0 arch/arm/mach-imx/iomux-v3.o
 .note.GNU-stack
                0x0000000000000000        0x0 arch/arm/mach-imx/cpu.o
 .note.GNU-stack
                0x0000000000000000        0x0 arch/arm/mach-imx/timer.o
 .note.GNU-stack
                0x0000000000000000        0x0 arch/arm/mach-imx/spl.o
 .note.GNU-stack
                0x0000000000000000        0x0 arch/arm/mach-imx/cache.o
 .note.GNU-stack
                0x0000000000000000        0x0 arch/arm/mach-imx/init.o
 .note.GNU-stack
                0x0000000000000000        0x0 arch/arm/mach-imx/mx6/soc.o
 .note.GNU-stack
                0x0000000000000000        0x0 arch/arm/mach-imx/mx6/clock.o
 .note.GNU-stack
                0x0000000000000000        0x0 arch/arm/cpu/armv7/cache_v7.o
 .note.GNU-stack
                0x0000000000000000        0x0 arch/arm/lib/spl.o
 .note.GNU-stack
                0x0000000000000000        0x0 arch/arm/lib/interrupts.o
 .note.GNU-stack
                0x0000000000000000        0x0 arch/arm/lib/reset.o
 .note.GNU-stack
                0x0000000000000000        0x0 arch/arm/lib/cache.o
 .note.GNU-stack
                0x0000000000000000        0x0 board/freescale/mx6sabresd/mx6sabresd.o
 .note.GNU-stack
                0x0000000000000000        0x0 common/spl/spl.o
 .note.GNU-stack
                0x0000000000000000        0x0 common/spl/spl_fit.o
 .note.GNU-stack
                0x0000000000000000        0x0 common/spl/spl_legacy.o
 .note.GNU-stack
                0x0000000000000000        0x0 common/spl/spl_mmc.o
 .note.GNU-stack
                0x0000000000000000        0x0 common/spl/spl_sdp.o
 .note.GNU-stack
                0x0000000000000000        0x0 common/init/board_init.o
 .note.GNU-stack
                0x0000000000000000        0x0 boot/image-board.o
 .note.GNU-stack
                0x0000000000000000        0x0 boot/image-android.o
 .note.GNU-stack
                0x0000000000000000        0x0 boot/image-fit.o
 .note.GNU-stack
                0x0000000000000000        0x0 boot/common_fit.o
 .note.GNU-stack
                0x0000000000000000        0x0 common/usb.o
 .note.GNU-stack
                0x0000000000000000        0x0 common/console.o
 .note.GNU-stack
                0x0000000000000000        0x0 common/dlmalloc.o
 .note.GNU-stack
                0x0000000000000000        0x0 common/malloc_simple.o
 .note.GNU-stack
                0x0000000000000000        0x0 common/stdio.o
 .note.GNU-stack
                0x0000000000000000        0x0 common/command.o
 .note.GNU-stack
                0x0000000000000000        0x0 lib/libfdt/fdt.o
 .note.GNU-stack
                0x0000000000000000        0x0 lib/libfdt/fdt_ro.o
 .note.GNU-stack
                0x0000000000000000        0x0 lib/ctype.o
 .note.GNU-stack
                0x0000000000000000        0x0 lib/div64.o
 .note.GNU-stack
                0x0000000000000000        0x0 lib/hang.o
 .note.GNU-stack
                0x0000000000000000        0x0 lib/string.o
 .note.GNU-stack
                0x0000000000000000        0x0 lib/time.o
 .note.GNU-stack
                0x0000000000000000        0x0 lib/panic.o
 .note.GNU-stack
                0x0000000000000000        0x0 lib/tiny-printf.o
 .note.GNU-stack
                0x0000000000000000        0x0 lib/strto.o
 .note.GNU-stack
                0x0000000000000000        0x0 drivers/gpio/mxc_gpio.o
 .note.GNU-stack
                0x0000000000000000        0x0 drivers/mmc/mmc.o
 .note.GNU-stack
                0x0000000000000000        0x0 drivers/mmc/mmc_legacy.o
 .note.GNU-stack
                0x0000000000000000        0x0 drivers/mmc/fsl_esdhc_imx.o
 .note.GNU-stack
                0x0000000000000000        0x0 drivers/serial/serial.o
 .note.GNU-stack
                0x0000000000000000        0x0 drivers/serial/serial_mxc.o
 .note.GNU-stack
                0x0000000000000000        0x0 drivers/usb/gadget/epautoconf.o
 .note.GNU-stack
                0x0000000000000000        0x0 drivers/usb/gadget/config.o
 .note.GNU-stack
                0x0000000000000000        0x0 drivers/usb/gadget/usbstring.o
 .note.GNU-stack
                0x0000000000000000        0x0 drivers/usb/gadget/g_dnl.o
 .note.GNU-stack
                0x0000000000000000        0x0 drivers/usb/gadget/f_sdp.o
 .note.GNU-stack
                0x0000000000000000        0x0 drivers/usb/gadget/ci_udc.o
 .note.GNU-stack
                0x0000000000000000        0x0 drivers/watchdog/imx_watchdog.o
 .note.GNU-stack
                0x0000000000000000        0x0 drivers/usb/host/ehci-hcd.o
 .note.GNU-stack
                0x0000000000000000        0x0 drivers/usb/host/ehci-mx6.o
 .note.GNU-stack
                0x0000000000000000        0x0 drivers/block/blk_legacy.o
 .note.GNU-stack
                0x0000000000000000        0x0 arch/arm/lib/div0.o

.debug_line     0x0000000000000000    0x28400
 .debug_line    0x0000000000000000       0x9c arch/arm/cpu/armv7/start.o
 .debug_line    0x000000000000009c      0x4b7 arch/arm/mach-imx/iomux-v3.o
 .debug_line    0x0000000000000553      0x6d5 arch/arm/mach-imx/cpu.o
 .debug_line    0x0000000000000c28      0x813 arch/arm/mach-imx/timer.o
 .debug_line    0x000000000000143b      0xa3e arch/arm/mach-imx/spl.o
 .debug_line    0x0000000000001e79      0x5c6 arch/arm/mach-imx/cache.o
 .debug_line    0x000000000000243f      0x792 arch/arm/mach-imx/init.o
 .debug_line    0x0000000000002bd1      0xfe2 arch/arm/mach-imx/mx6/soc.o
 .debug_line    0x0000000000003bb3     0x143c arch/arm/mach-imx/mx6/clock.o
 .debug_line    0x0000000000004fef      0x4d1 arch/arm/cpu/armv7/cache_v7.o
 .debug_line    0x00000000000054c0       0x69 arch/arm/cpu/armv7/lowlevel_init.o
 .debug_line    0x0000000000005529       0x4e arch/arm/lib/vectors.o
 .debug_line    0x0000000000005577       0x6a arch/arm/lib/crt0.o
 .debug_line    0x00000000000055e1      0x3c1 arch/arm/lib/spl.o
 .debug_line    0x00000000000059a2       0x74 arch/arm/lib/memset.o
 .debug_line    0x0000000000005a16       0x9f arch/arm/lib/memcpy.o
 .debug_line    0x0000000000005ab5      0x7f6 arch/arm/lib/interrupts.o
 .debug_line    0x00000000000062ab      0x285 arch/arm/lib/reset.o
 .debug_line    0x0000000000006530      0x4af arch/arm/lib/cache.o
 .debug_line    0x00000000000069df      0xf22 board/freescale/mx6sabresd/mx6sabresd.o
 .debug_line    0x0000000000007901      0xbb3 common/spl/spl.o
 .debug_line    0x00000000000084b4      0xd3c common/spl/spl_fit.o
 .debug_line    0x00000000000091f0      0x601 common/spl/spl_legacy.o
 .debug_line    0x00000000000097f1      0x985 common/spl/spl_mmc.o
 .debug_line    0x000000000000a176      0x528 common/spl/spl_sdp.o
 .debug_line    0x000000000000a69e      0x468 common/init/board_init.o
 .debug_line    0x000000000000ab06      0xf56 boot/image-board.o
 .debug_line    0x000000000000ba5c      0xc57 boot/image-android.o
 .debug_line    0x000000000000c6b3     0x2067 boot/image-fit.o
 .debug_line    0x000000000000e71a      0x561 boot/common_fit.o
 .debug_line    0x000000000000ec7b     0x1799 common/usb.o
 .debug_line    0x0000000000010414      0xe45 common/console.o
 .debug_line    0x0000000000011259     0x14fc common/dlmalloc.o
 .debug_line    0x0000000000012755      0x4d1 common/malloc_simple.o
 .debug_line    0x0000000000012c26      0x94b common/stdio.o
 .debug_line    0x0000000000013571      0xf8b common/command.o
 .debug_line    0x00000000000144fc      0x8a3 lib/libfdt/fdt.o
 .debug_line    0x0000000000014d9f     0x12cb lib/libfdt/fdt_ro.o
 .debug_line    0x000000000001606a      0x15f lib/ctype.o
 .debug_line    0x00000000000161c9      0x83b lib/div64.o
 .debug_line    0x0000000000016a04      0x255 lib/hang.o
 .debug_line    0x0000000000016c59      0xdfe lib/string.o
 .debug_line    0x0000000000017a57      0x79c lib/time.o
 .debug_line    0x00000000000181f3      0x39e lib/panic.o
 .debug_line    0x0000000000018591      0x84f lib/tiny-printf.o
 .debug_line    0x0000000000018de0      0x85b lib/strto.o
 .debug_line    0x000000000001963b      0x764 drivers/gpio/mxc_gpio.o
 .debug_line    0x0000000000019d9f     0x23ac drivers/mmc/mmc.o
 .debug_line    0x000000000001c14b      0x7aa drivers/mmc/mmc_legacy.o
 .debug_line    0x000000000001c8f5      0xfd4 drivers/mmc/fsl_esdhc_imx.o
 .debug_line    0x000000000001d8c9      0x79c drivers/serial/serial.o
 .debug_line    0x000000000001e065      0x6a3 drivers/serial/serial_mxc.o
 .debug_line    0x000000000001e708      0x77e drivers/usb/gadget/epautoconf.o
 .debug_line    0x000000000001ee86      0x5fc drivers/usb/gadget/config.o
 .debug_line    0x000000000001f482      0x6df drivers/usb/gadget/usbstring.o
 .debug_line    0x000000000001fb61     0x241c drivers/usb/gadget/g_dnl.o
 .debug_line    0x0000000000021f7d     0x1421 drivers/usb/gadget/f_sdp.o
 .debug_line    0x000000000002339e     0x19c3 drivers/usb/gadget/ci_udc.o
 .debug_line    0x0000000000024d61      0x4d6 drivers/watchdog/imx_watchdog.o
 .debug_line    0x0000000000025237     0x1e39 drivers/usb/host/ehci-hcd.o
 .debug_line    0x0000000000027070      0x94e drivers/usb/host/ehci-mx6.o
 .debug_line    0x00000000000279be      0x7d5 drivers/block/blk_legacy.o
 .debug_line    0x0000000000028193       0xf2 arch/arm/lib/lib1funcs.o
 .debug_line    0x0000000000028285      0x17b arch/arm/lib/div0.o

.debug_line_str
                0x0000000000000000      0x225
 .debug_line_str
                0x0000000000000000      0x14c arch/arm/cpu/armv7/start.o
                                        0x154 (size before relaxing)
 .debug_line_str
                0x000000000000014c       0x10 arch/arm/cpu/armv7/lowlevel_init.o
                                        0x164 (size before relaxing)
 .debug_line_str
                0x000000000000015c       0xa4 arch/arm/lib/vectors.o
                                        0x152 (size before relaxing)
 .debug_line_str
                0x0000000000000200        0x7 arch/arm/lib/crt0.o
                                        0x14c (size before relaxing)
 .debug_line_str
                0x0000000000000207        0x9 arch/arm/lib/memset.o
                                        0x150 (size before relaxing)
 .debug_line_str
                0x0000000000000210        0x9 arch/arm/lib/memcpy.o
                                        0x150 (size before relaxing)
 .debug_line_str
                0x0000000000000219        0xc arch/arm/lib/lib1funcs.o
                                        0x156 (size before relaxing)

.debug_info     0x0000000000000000    0x657e8
 .debug_info    0x0000000000000000       0x25 arch/arm/cpu/armv7/start.o
 .debug_info    0x0000000000000025      0x2f1 arch/arm/mach-imx/iomux-v3.o
 .debug_info    0x0000000000000316     0x1abb arch/arm/mach-imx/cpu.o
 .debug_info    0x0000000000001dd1      0xd97 arch/arm/mach-imx/timer.o
 .debug_info    0x0000000000002b68     0x1951 arch/arm/mach-imx/spl.o
 .debug_info    0x00000000000044b9      0x730 arch/arm/mach-imx/cache.o
 .debug_info    0x0000000000004be9     0x1267 arch/arm/mach-imx/init.o
 .debug_info    0x0000000000005e50     0x6ae7 arch/arm/mach-imx/mx6/soc.o
 .debug_info    0x000000000000c937     0x2f62 arch/arm/mach-imx/mx6/clock.o
 .debug_info    0x000000000000f899      0x5bd arch/arm/cpu/armv7/cache_v7.o
 .debug_info    0x000000000000fe56       0x23 arch/arm/cpu/armv7/lowlevel_init.o
 .debug_info    0x000000000000fe79       0x24 arch/arm/lib/vectors.o
 .debug_info    0x000000000000fe9d       0x24 arch/arm/lib/crt0.o
 .debug_info    0x000000000000fec1      0x7ee arch/arm/lib/spl.o
 .debug_info    0x00000000000106af       0x25 arch/arm/lib/memset.o
 .debug_info    0x00000000000106d4       0x25 arch/arm/lib/memcpy.o
 .debug_info    0x00000000000106f9     0x1056 arch/arm/lib/interrupts.o
 .debug_info    0x000000000001174f      0x2c6 arch/arm/lib/reset.o
 .debug_info    0x0000000000011a15      0x96c arch/arm/lib/cache.o
 .debug_info    0x0000000000012381     0xa6a2 board/freescale/mx6sabresd/mx6sabresd.o
 .debug_info    0x000000000001ca23     0x23ba common/spl/spl.o
 .debug_info    0x000000000001eddd     0x21aa common/spl/spl_fit.o
 .debug_info    0x0000000000020f87      0x6b9 common/spl/spl_legacy.o
 .debug_info    0x0000000000021640     0x2787 common/spl/spl_mmc.o
 .debug_info    0x0000000000023dc7      0x601 common/spl/spl_sdp.o
 .debug_info    0x00000000000243c8      0x8ce common/init/board_init.o
 .debug_info    0x0000000000024c96     0x2e82 boot/image-board.o
 .debug_info    0x0000000000027b18     0x1040 boot/image-android.o
 .debug_info    0x0000000000028b58     0x5dc5 boot/image-fit.o
 .debug_info    0x000000000002e91d      0x48a boot/common_fit.o
 .debug_info    0x000000000002eda7     0x3770 common/usb.o
 .debug_info    0x0000000000032517     0x2617 common/console.o
 .debug_info    0x0000000000034b2e     0x1a25 common/dlmalloc.o
 .debug_info    0x0000000000036553      0xa85 common/malloc_simple.o
 .debug_info    0x0000000000036fd8     0x1a9f common/stdio.o
 .debug_info    0x0000000000038a77     0x1f7a common/command.o
 .debug_info    0x000000000003a9f1      0x919 lib/libfdt/fdt.o
 .debug_info    0x000000000003b30a     0x227c lib/libfdt/fdt_ro.o
 .debug_info    0x000000000003d586       0x75 lib/ctype.o
 .debug_info    0x000000000003d5fb      0xb42 lib/div64.o
 .debug_info    0x000000000003e13d      0x3d8 lib/hang.o
 .debug_info    0x000000000003e515     0x13ba lib/string.o
 .debug_info    0x000000000003f8cf     0x1599 lib/time.o
 .debug_info    0x0000000000040e68      0x3c8 lib/panic.o
 .debug_info    0x0000000000041230      0x809 lib/tiny-printf.o
 .debug_info    0x0000000000041a39      0x8a5 lib/strto.o
 .debug_info    0x00000000000422de     0x12ca drivers/gpio/mxc_gpio.o
 .debug_info    0x00000000000435a8     0x4d2f drivers/mmc/mmc.o
 .debug_info    0x00000000000482d7     0x112a drivers/mmc/mmc_legacy.o
 .debug_info    0x0000000000049401     0x3055 drivers/mmc/fsl_esdhc_imx.o
 .debug_info    0x000000000004c456      0xffd drivers/serial/serial.o
 .debug_info    0x000000000004d453     0x15f6 drivers/serial/serial_mxc.o
 .debug_info    0x000000000004ea49      0xe44 drivers/usb/gadget/epautoconf.o
 .debug_info    0x000000000004f88d      0x434 drivers/usb/gadget/config.o
 .debug_info    0x000000000004fcc1      0x3b4 drivers/usb/gadget/usbstring.o
 .debug_info    0x0000000000050075     0x504d drivers/usb/gadget/g_dnl.o
 .debug_info    0x00000000000550c2     0x32e7 drivers/usb/gadget/f_sdp.o
 .debug_info    0x00000000000583a9     0x3e71 drivers/usb/gadget/ci_udc.o
 .debug_info    0x000000000005c21a      0xfd2 drivers/watchdog/imx_watchdog.o
 .debug_info    0x000000000005d1ec     0x4f0a drivers/usb/host/ehci-hcd.o
 .debug_info    0x00000000000620f6     0x264c drivers/usb/host/ehci-mx6.o
 .debug_info    0x0000000000064742     0x1038 drivers/block/blk_legacy.o
 .debug_info    0x000000000006577a       0x23 arch/arm/lib/lib1funcs.o
 .debug_info    0x000000000006579d       0x4b arch/arm/lib/div0.o

.debug_abbrev   0x0000000000000000     0xe34c
 .debug_abbrev  0x0000000000000000       0x14 arch/arm/cpu/armv7/start.o
 .debug_abbrev  0x0000000000000014      0x170 arch/arm/mach-imx/iomux-v3.o
 .debug_abbrev  0x0000000000000184      0x397 arch/arm/mach-imx/cpu.o
 .debug_abbrev  0x000000000000051b      0x359 arch/arm/mach-imx/timer.o
 .debug_abbrev  0x0000000000000874      0x4aa arch/arm/mach-imx/spl.o
 .debug_abbrev  0x0000000000000d1e      0x23d arch/arm/mach-imx/cache.o
 .debug_abbrev  0x0000000000000f5b      0x28f arch/arm/mach-imx/init.o
 .debug_abbrev  0x00000000000011ea      0x690 arch/arm/mach-imx/mx6/soc.o
 .debug_abbrev  0x000000000000187a      0x544 arch/arm/mach-imx/mx6/clock.o
 .debug_abbrev  0x0000000000001dbe      0x2a1 arch/arm/cpu/armv7/cache_v7.o
 .debug_abbrev  0x000000000000205f       0x12 arch/arm/cpu/armv7/lowlevel_init.o
 .debug_abbrev  0x0000000000002071       0x14 arch/arm/lib/vectors.o
 .debug_abbrev  0x0000000000002085       0x14 arch/arm/lib/crt0.o
 .debug_abbrev  0x0000000000002099      0x1af arch/arm/lib/spl.o
 .debug_abbrev  0x0000000000002248       0x14 arch/arm/lib/memset.o
 .debug_abbrev  0x000000000000225c       0x14 arch/arm/lib/memcpy.o
 .debug_abbrev  0x0000000000002270      0x367 arch/arm/lib/interrupts.o
 .debug_abbrev  0x00000000000025d7      0x198 arch/arm/lib/reset.o
 .debug_abbrev  0x000000000000276f      0x287 arch/arm/lib/cache.o
 .debug_abbrev  0x00000000000029f6      0x76e board/freescale/mx6sabresd/mx6sabresd.o
 .debug_abbrev  0x0000000000003164      0x6dc common/spl/spl.o
 .debug_abbrev  0x0000000000003840      0x5b3 common/spl/spl_fit.o
 .debug_abbrev  0x0000000000003df3      0x2c0 common/spl/spl_legacy.o
 .debug_abbrev  0x00000000000040b3      0x5bf common/spl/spl_mmc.o
 .debug_abbrev  0x0000000000004672      0x284 common/spl/spl_sdp.o
 .debug_abbrev  0x00000000000048f6      0x283 common/init/board_init.o
 .debug_abbrev  0x0000000000004b79      0x637 boot/image-board.o
 .debug_abbrev  0x00000000000051b0      0x410 boot/image-android.o
 .debug_abbrev  0x00000000000055c0      0x614 boot/image-fit.o
 .debug_abbrev  0x0000000000005bd4      0x182 boot/common_fit.o
 .debug_abbrev  0x0000000000005d56      0x677 common/usb.o
 .debug_abbrev  0x00000000000063cd      0x627 common/console.o
 .debug_abbrev  0x00000000000069f4      0x46a common/dlmalloc.o
 .debug_abbrev  0x0000000000006e5e      0x2d9 common/malloc_simple.o
 .debug_abbrev  0x0000000000007137      0x53f common/stdio.o
 .debug_abbrev  0x0000000000007676      0x529 common/command.o
 .debug_abbrev  0x0000000000007b9f      0x2eb lib/libfdt/fdt.o
 .debug_abbrev  0x0000000000007e8a      0x453 lib/libfdt/fdt_ro.o
 .debug_abbrev  0x00000000000082dd       0x5d lib/ctype.o
 .debug_abbrev  0x000000000000833a      0x1d2 lib/div64.o
 .debug_abbrev  0x000000000000850c      0x11c lib/hang.o
 .debug_abbrev  0x0000000000008628      0x39f lib/string.o
 .debug_abbrev  0x00000000000089c7      0x39d lib/time.o
 .debug_abbrev  0x0000000000008d64      0x1d0 lib/panic.o
 .debug_abbrev  0x0000000000008f34      0x381 lib/tiny-printf.o
 .debug_abbrev  0x00000000000092b5      0x23d lib/strto.o
 .debug_abbrev  0x00000000000094f2      0x2dd drivers/gpio/mxc_gpio.o
 .debug_abbrev  0x00000000000097cf      0x7c5 drivers/mmc/mmc.o
 .debug_abbrev  0x0000000000009f94      0x4a4 drivers/mmc/mmc_legacy.o
 .debug_abbrev  0x000000000000a438      0x63a drivers/mmc/fsl_esdhc_imx.o
 .debug_abbrev  0x000000000000aa72      0x48e drivers/serial/serial.o
 .debug_abbrev  0x000000000000af00      0x3c0 drivers/serial/serial_mxc.o
 .debug_abbrev  0x000000000000b2c0      0x394 drivers/usb/gadget/epautoconf.o
 .debug_abbrev  0x000000000000b654      0x249 drivers/usb/gadget/config.o
 .debug_abbrev  0x000000000000b89d      0x24d drivers/usb/gadget/usbstring.o
 .debug_abbrev  0x000000000000baea      0x806 drivers/usb/gadget/g_dnl.o
 .debug_abbrev  0x000000000000c2f0      0x5ee drivers/usb/gadget/f_sdp.o
 .debug_abbrev  0x000000000000c8de      0x767 drivers/usb/gadget/ci_udc.o
 .debug_abbrev  0x000000000000d045      0x25a drivers/watchdog/imx_watchdog.o
 .debug_abbrev  0x000000000000d29f      0x79a drivers/usb/host/ehci-hcd.o
 .debug_abbrev  0x000000000000da39      0x4a9 drivers/usb/host/ehci-mx6.o
 .debug_abbrev  0x000000000000dee2      0x40c drivers/block/blk_legacy.o
 .debug_abbrev  0x000000000000e2ee       0x12 arch/arm/lib/lib1funcs.o
 .debug_abbrev  0x000000000000e300       0x4c arch/arm/lib/div0.o

.debug_aranges  0x0000000000000000     0x1bd0
 .debug_aranges
                0x0000000000000000       0x20 arch/arm/cpu/armv7/start.o
 .debug_aranges
                0x0000000000000020       0x30 arch/arm/mach-imx/iomux-v3.o
 .debug_aranges
                0x0000000000000050       0x48 arch/arm/mach-imx/cpu.o
 .debug_aranges
                0x0000000000000098       0x38 arch/arm/mach-imx/timer.o
 .debug_aranges
                0x00000000000000d0       0x48 arch/arm/mach-imx/spl.o
 .debug_aranges
                0x0000000000000118       0x38 arch/arm/mach-imx/cache.o
 .debug_aranges
                0x0000000000000150       0x40 arch/arm/mach-imx/init.o
 .debug_aranges
                0x0000000000000190       0xa8 arch/arm/mach-imx/mx6/soc.o
 .debug_aranges
                0x0000000000000238       0xc0 arch/arm/mach-imx/mx6/clock.o
 .debug_aranges
                0x00000000000002f8       0x60 arch/arm/cpu/armv7/cache_v7.o
 .debug_aranges
                0x0000000000000358       0x28 arch/arm/cpu/armv7/lowlevel_init.o
 .debug_aranges
                0x0000000000000380       0x20 arch/arm/lib/vectors.o
 .debug_aranges
                0x00000000000003a0       0x20 arch/arm/lib/crt0.o
 .debug_aranges
                0x00000000000003c0       0x20 arch/arm/lib/spl.o
 .debug_aranges
                0x00000000000003e0       0x20 arch/arm/lib/memset.o
 .debug_aranges
                0x0000000000000400       0x20 arch/arm/lib/memcpy.o
 .debug_aranges
                0x0000000000000420       0x78 arch/arm/lib/interrupts.o
 .debug_aranges
                0x0000000000000498       0x28 arch/arm/lib/reset.o
 .debug_aranges
                0x00000000000004c0       0x58 arch/arm/lib/cache.o
 .debug_aranges
                0x0000000000000518       0xa8 board/freescale/mx6sabresd/mx6sabresd.o
 .debug_aranges
                0x00000000000005c0       0xb8 common/spl/spl.o
 .debug_aranges
                0x0000000000000678       0x68 common/spl/spl_fit.o
 .debug_aranges
                0x00000000000006e0       0x28 common/spl/spl_legacy.o
 .debug_aranges
                0x0000000000000708       0x58 common/spl/spl_mmc.o
 .debug_aranges
                0x0000000000000760       0x20 common/spl/spl_sdp.o
 .debug_aranges
                0x0000000000000780       0x38 common/init/board_init.o
 .debug_aranges
                0x00000000000007b8       0x98 boot/image-board.o
 .debug_aranges
                0x0000000000000850       0x68 boot/image-android.o
 .debug_aranges
                0x00000000000008b8      0x198 boot/image-fit.o
 .debug_aranges
                0x0000000000000a50       0x30 boot/common_fit.o
 .debug_aranges
                0x0000000000000a80      0x128 common/usb.o
 .debug_aranges
                0x0000000000000ba8       0xf0 common/console.o
 .debug_aranges
                0x0000000000000c98       0x88 common/dlmalloc.o
 .debug_aranges
                0x0000000000000d20       0x38 common/malloc_simple.o
 .debug_aranges
                0x0000000000000d58       0x88 common/stdio.o
 .debug_aranges
                0x0000000000000de0       0x88 common/command.o
 .debug_aranges
                0x0000000000000e68       0x80 lib/libfdt/fdt.o
 .debug_aranges
                0x0000000000000ee8      0x158 lib/libfdt/fdt_ro.o
 .debug_aranges
                0x0000000000001040       0x18 lib/ctype.o
 .debug_aranges
                0x0000000000001058       0x48 lib/div64.o
 .debug_aranges
                0x00000000000010a0       0x20 lib/hang.o
 .debug_aranges
                0x00000000000010c0      0x108 lib/string.o
 .debug_aranges
                0x00000000000011c8       0x68 lib/time.o
 .debug_aranges
                0x0000000000001230       0x38 lib/panic.o
 .debug_aranges
                0x0000000000001268       0x60 lib/tiny-printf.o
 .debug_aranges
                0x00000000000012c8       0x90 lib/strto.o
 .debug_aranges
                0x0000000000001358       0x48 drivers/gpio/mxc_gpio.o
 .debug_aranges
                0x00000000000013a0      0x110 drivers/mmc/mmc.o
 .debug_aranges
                0x00000000000014b0       0x88 drivers/mmc/mmc_legacy.o
 .debug_aranges
                0x0000000000001538       0x68 drivers/mmc/fsl_esdhc_imx.o
 .debug_aranges
                0x00000000000015a0       0xb8 drivers/serial/serial.o
 .debug_aranges
                0x0000000000001658       0x50 drivers/serial/serial_mxc.o
 .debug_aranges
                0x00000000000016a8       0x28 drivers/usb/gadget/epautoconf.o
 .debug_aranges
                0x00000000000016d0       0x28 drivers/usb/gadget/config.o
 .debug_aranges
                0x00000000000016f8       0x20 drivers/usb/gadget/usbstring.o
 .debug_aranges
                0x0000000000001718      0x130 drivers/usb/gadget/g_dnl.o
 .debug_aranges
                0x0000000000001848       0x88 drivers/usb/gadget/f_sdp.o
 .debug_aranges
                0x00000000000018d0       0xb0 drivers/usb/gadget/ci_udc.o
 .debug_aranges
                0x0000000000001980       0x20 drivers/watchdog/imx_watchdog.o
 .debug_aranges
                0x00000000000019a0       0xf8 drivers/usb/host/ehci-hcd.o
 .debug_aranges