/home/lemageoire/fsl-community-bsp/build-openrex/tmp/work/imx6qdlsabresd-poky-linux-gnueabi/u-boot-fslc/2022.10+gitAUTOINC+cbd7eb17ac-r0/git/lib/linux_compat.c:13:15:copy_from_user	8	static
/home/lemageoire/fsl-community-bsp/build-openrex/tmp/work/imx6qdlsabresd-poky-linux-gnueabi/u-boot-fslc/2022.10+gitAUTOINC+cbd7eb17ac-r0/git/lib/linux_compat.c:20:7:kmalloc	16	static
/home/lemageoire/fsl-community-bsp/build-openrex/tmp/work/imx6qdlsabresd-poky-linux-gnueabi/u-boot-fslc/2022.10+gitAUTOINC+cbd7eb17ac-r0/git/lib/linux_compat.c:31:20:get_mem	8	static
/home/lemageoire/fsl-community-bsp/build-openrex/tmp/work/imx6qdlsabresd-poky-linux-gnueabi/u-boot-fslc/2022.10+gitAUTOINC+cbd7eb17ac-r0/git/lib/linux_compat.c:41:7:kmem_cache_alloc	0	static
/home/lemageoire/fsl-community-bsp/build-openrex/tmp/work/imx6qdlsabresd-poky-linux-gnueabi/u-boot-fslc/2022.10+gitAUTOINC+cbd7eb17ac-r0/git/lib/linux_compat.c:55:7:kmemdup	16	static
