/home/lemageoire/fsl-community-bsp/build-openrex/tmp/work/imx6qdlsabresd-poky-linux-gnueabi/u-boot-fslc/2022.10+gitAUTOINC+cbd7eb17ac-r0/git/lib/libfdt/../../scripts/dtc/libfdt/fdt_sw.c:97:14:fdt_grab_space_	12	static
/home/lemageoire/fsl-community-bsp/build-openrex/tmp/work/imx6qdlsabresd-poky-linux-gnueabi/u-boot-fslc/2022.10+gitAUTOINC+cbd7eb17ac-r0/git/lib/libfdt/../../scripts/dtc/libfdt/fdt_sw.c:252:12:fdt_add_string_	24	static
/home/lemageoire/fsl-community-bsp/build-openrex/tmp/work/imx6qdlsabresd-poky-linux-gnueabi/u-boot-fslc/2022.10+gitAUTOINC+cbd7eb17ac-r0/git/lib/libfdt/../../scripts/dtc/libfdt/fdt_sw.c:112:5:fdt_create_with_flags	24	static
/home/lemageoire/fsl-community-bsp/build-openrex/tmp/work/imx6qdlsabresd-poky-linux-gnueabi/u-boot-fslc/2022.10+gitAUTOINC+cbd7eb17ac-r0/git/lib/libfdt/../../scripts/dtc/libfdt/fdt_sw.c:146:5:fdt_create	0	static
/home/lemageoire/fsl-community-bsp/build-openrex/tmp/work/imx6qdlsabresd-poky-linux-gnueabi/u-boot-fslc/2022.10+gitAUTOINC+cbd7eb17ac-r0/git/lib/libfdt/../../scripts/dtc/libfdt/fdt_sw.c:151:5:fdt_resize	32	static
/home/lemageoire/fsl-community-bsp/build-openrex/tmp/work/imx6qdlsabresd-poky-linux-gnueabi/u-boot-fslc/2022.10+gitAUTOINC+cbd7eb17ac-r0/git/lib/libfdt/../../scripts/dtc/libfdt/fdt_sw.c:190:5:fdt_add_reservemap_entry	20	static
/home/lemageoire/fsl-community-bsp/build-openrex/tmp/work/imx6qdlsabresd-poky-linux-gnueabi/u-boot-fslc/2022.10+gitAUTOINC+cbd7eb17ac-r0/git/lib/libfdt/../../scripts/dtc/libfdt/fdt_sw.c:210:5:fdt_finish_reservemap	16	static
/home/lemageoire/fsl-community-bsp/build-openrex/tmp/work/imx6qdlsabresd-poky-linux-gnueabi/u-boot-fslc/2022.10+gitAUTOINC+cbd7eb17ac-r0/git/lib/libfdt/../../scripts/dtc/libfdt/fdt_sw.c:221:5:fdt_begin_node	16	static
/home/lemageoire/fsl-community-bsp/build-openrex/tmp/work/imx6qdlsabresd-poky-linux-gnueabi/u-boot-fslc/2022.10+gitAUTOINC+cbd7eb17ac-r0/git/lib/libfdt/../../scripts/dtc/libfdt/fdt_sw.c:238:5:fdt_end_node	8	static
/home/lemageoire/fsl-community-bsp/build-openrex/tmp/work/imx6qdlsabresd-poky-linux-gnueabi/u-boot-fslc/2022.10+gitAUTOINC+cbd7eb17ac-r0/git/lib/libfdt/../../scripts/dtc/libfdt/fdt_sw.c:295:5:fdt_property_placeholder	32	static
/home/lemageoire/fsl-community-bsp/build-openrex/tmp/work/imx6qdlsabresd-poky-linux-gnueabi/u-boot-fslc/2022.10+gitAUTOINC+cbd7eb17ac-r0/git/lib/libfdt/../../scripts/dtc/libfdt/fdt_sw.c:327:5:fdt_property	24	static
/home/lemageoire/fsl-community-bsp/build-openrex/tmp/work/imx6qdlsabresd-poky-linux-gnueabi/u-boot-fslc/2022.10+gitAUTOINC+cbd7eb17ac-r0/git/lib/libfdt/../../scripts/dtc/libfdt/fdt_sw.c:339:5:fdt_finish	24	static
