/home/lemageoire/fsl-community-bsp/build-openrex/tmp/work/imx6qdlsabresd-poky-linux-gnueabi/u-boot-fslc/2022.10+gitAUTOINC+cbd7eb17ac-r0/git/lib/net_utils.c:15:16:string_to_ip	24	static
/home/lemageoire/fsl-community-bsp/build-openrex/tmp/work/imx6qdlsabresd-poky-linux-gnueabi/u-boot-fslc/2022.10+gitAUTOINC+cbd7eb17ac-r0/git/lib/net_utils.c:46:6:string_to_enetaddr	24	static
/home/lemageoire/fsl-community-bsp/build-openrex/tmp/work/imx6qdlsabresd-poky-linux-gnueabi/u-boot-fslc/2022.10+gitAUTOINC+cbd7eb17ac-r0/git/lib/net_utils.c:61:6:compute_ip_checksum	12	static
/home/lemageoire/fsl-community-bsp/build-openrex/tmp/work/imx6qdlsabresd-poky-linux-gnueabi/u-boot-fslc/2022.10+gitAUTOINC+cbd7eb17ac-r0/git/lib/net_utils.c:84:6:add_ip_checksums	0	static
/home/lemageoire/fsl-community-bsp/build-openrex/tmp/work/imx6qdlsabresd-poky-linux-gnueabi/u-boot-fslc/2022.10+gitAUTOINC+cbd7eb17ac-r0/git/lib/net_utils.c:104:5:ip_checksum_ok	8	static
