/home/lemageoire/fsl-community-bsp/build-openrex/tmp/work/imx6qdlsabresd-poky-linux-gnueabi/u-boot-fslc/2022.10+gitAUTOINC+cbd7eb17ac-r0/git/drivers/core/devres.c:265:13:devm_kmalloc_release	0	static
/home/lemageoire/fsl-community-bsp/build-openrex/tmp/work/imx6qdlsabresd-poky-linux-gnueabi/u-boot-fslc/2022.10+gitAUTOINC+cbd7eb17ac-r0/git/drivers/core/devres.c:270:12:devm_kmalloc_match	0	static
/home/lemageoire/fsl-community-bsp/build-openrex/tmp/work/imx6qdlsabresd-poky-linux-gnueabi/u-boot-fslc/2022.10+gitAUTOINC+cbd7eb17ac-r0/git/drivers/core/devres.c:195:13:release_nodes	32	static
/home/lemageoire/fsl-community-bsp/build-openrex/tmp/work/imx6qdlsabresd-poky-linux-gnueabi/u-boot-fslc/2022.10+gitAUTOINC+cbd7eb17ac-r0/git/drivers/core/devres.c:77:7:_devres_alloc	8	static
/home/lemageoire/fsl-community-bsp/build-openrex/tmp/work/imx6qdlsabresd-poky-linux-gnueabi/u-boot-fslc/2022.10+gitAUTOINC+cbd7eb17ac-r0/git/drivers/core/devres.c:94:6:devres_free	8	static
/home/lemageoire/fsl-community-bsp/build-openrex/tmp/work/imx6qdlsabresd-poky-linux-gnueabi/u-boot-fslc/2022.10+gitAUTOINC+cbd7eb17ac-r0/git/drivers/core/devres.c:104:6:devres_add	16	static
/home/lemageoire/fsl-community-bsp/build-openrex/tmp/work/imx6qdlsabresd-poky-linux-gnueabi/u-boot-fslc/2022.10+gitAUTOINC+cbd7eb17ac-r0/git/drivers/core/devres.c:119:7:devres_find	32	static
/home/lemageoire/fsl-community-bsp/build-openrex/tmp/work/imx6qdlsabresd-poky-linux-gnueabi/u-boot-fslc/2022.10+gitAUTOINC+cbd7eb17ac-r0/git/drivers/core/devres.c:135:7:devres_get	16	static
/home/lemageoire/fsl-community-bsp/build-openrex/tmp/work/imx6qdlsabresd-poky-linux-gnueabi/u-boot-fslc/2022.10+gitAUTOINC+cbd7eb17ac-r0/git/drivers/core/devres.c:152:7:devres_remove	8	static
/home/lemageoire/fsl-community-bsp/build-openrex/tmp/work/imx6qdlsabresd-poky-linux-gnueabi/u-boot-fslc/2022.10+gitAUTOINC+cbd7eb17ac-r0/git/drivers/core/devres.c:168:5:devres_destroy	8	static
/home/lemageoire/fsl-community-bsp/build-openrex/tmp/work/imx6qdlsabresd-poky-linux-gnueabi/u-boot-fslc/2022.10+gitAUTOINC+cbd7eb17ac-r0/git/drivers/core/devres.c:181:5:devres_release	16	static
/home/lemageoire/fsl-community-bsp/build-openrex/tmp/work/imx6qdlsabresd-poky-linux-gnueabi/u-boot-fslc/2022.10+gitAUTOINC+cbd7eb17ac-r0/git/drivers/core/devres.c:210:6:devres_release_probe	0	static
/home/lemageoire/fsl-community-bsp/build-openrex/tmp/work/imx6qdlsabresd-poky-linux-gnueabi/u-boot-fslc/2022.10+gitAUTOINC+cbd7eb17ac-r0/git/drivers/core/devres.c:215:6:devres_release_all	0	static
/home/lemageoire/fsl-community-bsp/build-openrex/tmp/work/imx6qdlsabresd-poky-linux-gnueabi/u-boot-fslc/2022.10+gitAUTOINC+cbd7eb17ac-r0/git/drivers/core/devres.c:275:7:devm_kmalloc	16	static
/home/lemageoire/fsl-community-bsp/build-openrex/tmp/work/imx6qdlsabresd-poky-linux-gnueabi/u-boot-fslc/2022.10+gitAUTOINC+cbd7eb17ac-r0/git/drivers/core/devres.c:288:6:devm_kfree	8	static
