/home/lemageoire/fsl-community-bsp/build-openrex/tmp/work/imx6qdlsabresd-poky-linux-gnueabi/u-boot-fslc/2022.10+gitAUTOINC+cbd7eb17ac-r0/git/drivers/core/ofnode.c:47:5:ofnode_read_u32_index	24	static
/home/lemageoire/fsl-community-bsp/build-openrex/tmp/work/imx6qdlsabresd-poky-linux-gnueabi/u-boot-fslc/2022.10+gitAUTOINC+cbd7eb17ac-r0/git/drivers/core/ofnode.c:34:5:ofnode_read_u32	0	static
/home/lemageoire/fsl-community-bsp/build-openrex/tmp/work/imx6qdlsabresd-poky-linux-gnueabi/u-boot-fslc/2022.10+gitAUTOINC+cbd7eb17ac-r0/git/drivers/core/ofnode.c:39:5:ofnode_read_u32_default	16	static
/home/lemageoire/fsl-community-bsp/build-openrex/tmp/work/imx6qdlsabresd-poky-linux-gnueabi/u-boot-fslc/2022.10+gitAUTOINC+cbd7eb17ac-r0/git/drivers/core/ofnode.c:78:5:ofnode_read_u32_index_default	16	static
/home/lemageoire/fsl-community-bsp/build-openrex/tmp/work/imx6qdlsabresd-poky-linux-gnueabi/u-boot-fslc/2022.10+gitAUTOINC+cbd7eb17ac-r0/git/drivers/core/ofnode.c:87:5:ofnode_read_s32_default	16	static
/home/lemageoire/fsl-community-bsp/build-openrex/tmp/work/imx6qdlsabresd-poky-linux-gnueabi/u-boot-fslc/2022.10+gitAUTOINC+cbd7eb17ac-r0/git/drivers/core/ofnode.c:95:5:ofnode_read_u64	24	static
/home/lemageoire/fsl-community-bsp/build-openrex/tmp/work/imx6qdlsabresd-poky-linux-gnueabi/u-boot-fslc/2022.10+gitAUTOINC+cbd7eb17ac-r0/git/drivers/core/ofnode.c:119:5:ofnode_read_u64_default	16	static
/home/lemageoire/fsl-community-bsp/build-openrex/tmp/work/imx6qdlsabresd-poky-linux-gnueabi/u-boot-fslc/2022.10+gitAUTOINC+cbd7eb17ac-r0/git/drivers/core/ofnode.c:141:13:ofnode_read_prop	24	static
/home/lemageoire/fsl-community-bsp/build-openrex/tmp/work/imx6qdlsabresd-poky-linux-gnueabi/u-boot-fslc/2022.10+gitAUTOINC+cbd7eb17ac-r0/git/drivers/core/ofnode.c:173:13:ofnode_read_string	16	static
/home/lemageoire/fsl-community-bsp/build-openrex/tmp/work/imx6qdlsabresd-poky-linux-gnueabi/u-boot-fslc/2022.10+gitAUTOINC+cbd7eb17ac-r0/git/drivers/core/ofnode.c:191:5:ofnode_read_size	16	static
/home/lemageoire/fsl-community-bsp/build-openrex/tmp/work/imx6qdlsabresd-poky-linux-gnueabi/u-boot-fslc/2022.10+gitAUTOINC+cbd7eb17ac-r0/git/drivers/core/ofnode.c:201:8:ofnode_find_subnode	8	static
/home/lemageoire/fsl-community-bsp/build-openrex/tmp/work/imx6qdlsabresd-poky-linux-gnueabi/u-boot-fslc/2022.10+gitAUTOINC+cbd7eb17ac-r0/git/drivers/core/ofnode.c:227:5:ofnode_read_u32_array	16	static
/home/lemageoire/fsl-community-bsp/build-openrex/tmp/work/imx6qdlsabresd-poky-linux-gnueabi/u-boot-fslc/2022.10+gitAUTOINC+cbd7eb17ac-r0/git/drivers/core/ofnode.c:624:12:decode_timing_property	16	static
/home/lemageoire/fsl-community-bsp/build-openrex/tmp/work/imx6qdlsabresd-poky-linux-gnueabi/u-boot-fslc/2022.10+gitAUTOINC+cbd7eb17ac-r0/git/drivers/core/ofnode.c:244:6:ofnode_is_enabled	8	static
/home/lemageoire/fsl-community-bsp/build-openrex/tmp/work/imx6qdlsabresd-poky-linux-gnueabi/u-boot-fslc/2022.10+gitAUTOINC+cbd7eb17ac-r0/git/drivers/core/ofnode.c:254:8:ofnode_first_subnode	8	static
/home/lemageoire/fsl-community-bsp/build-openrex/tmp/work/imx6qdlsabresd-poky-linux-gnueabi/u-boot-fslc/2022.10+gitAUTOINC+cbd7eb17ac-r0/git/drivers/core/ofnode.c:264:8:ofnode_next_subnode	8	static
/home/lemageoire/fsl-community-bsp/build-openrex/tmp/work/imx6qdlsabresd-poky-linux-gnueabi/u-boot-fslc/2022.10+gitAUTOINC+cbd7eb17ac-r0/git/drivers/core/ofnode.c:275:8:ofnode_get_parent	8	static
/home/lemageoire/fsl-community-bsp/build-openrex/tmp/work/imx6qdlsabresd-poky-linux-gnueabi/u-boot-fslc/2022.10+gitAUTOINC+cbd7eb17ac-r0/git/drivers/core/ofnode.c:289:13:ofnode_get_name	0	static
/home/lemageoire/fsl-community-bsp/build-openrex/tmp/work/imx6qdlsabresd-poky-linux-gnueabi/u-boot-fslc/2022.10+gitAUTOINC+cbd7eb17ac-r0/git/drivers/core/ofnode.c:21:6:ofnode_name_eq	16	static
/home/lemageoire/fsl-community-bsp/build-openrex/tmp/work/imx6qdlsabresd-poky-linux-gnueabi/u-boot-fslc/2022.10+gitAUTOINC+cbd7eb17ac-r0/git/drivers/core/ofnode.c:302:5:ofnode_get_path	8	static
/home/lemageoire/fsl-community-bsp/build-openrex/tmp/work/imx6qdlsabresd-poky-linux-gnueabi/u-boot-fslc/2022.10+gitAUTOINC+cbd7eb17ac-r0/git/drivers/core/ofnode.c:327:8:ofnode_get_by_phandle	8	static
/home/lemageoire/fsl-community-bsp/build-openrex/tmp/work/imx6qdlsabresd-poky-linux-gnueabi/u-boot-fslc/2022.10+gitAUTOINC+cbd7eb17ac-r0/git/drivers/core/ofnode.c:411:5:ofnode_stringlist_search	8	static
/home/lemageoire/fsl-community-bsp/build-openrex/tmp/work/imx6qdlsabresd-poky-linux-gnueabi/u-boot-fslc/2022.10+gitAUTOINC+cbd7eb17ac-r0/git/drivers/core/ofnode.c:432:5:ofnode_read_string_index	32	static
/home/lemageoire/fsl-community-bsp/build-openrex/tmp/work/imx6qdlsabresd-poky-linux-gnueabi/u-boot-fslc/2022.10+gitAUTOINC+cbd7eb17ac-r0/git/drivers/core/ofnode.c:449:5:ofnode_read_string_count	0	static
/home/lemageoire/fsl-community-bsp/build-openrex/tmp/work/imx6qdlsabresd-poky-linux-gnueabi/u-boot-fslc/2022.10+gitAUTOINC+cbd7eb17ac-r0/git/drivers/core/ofnode.c:459:5:ofnode_read_string_list	32	static
/home/lemageoire/fsl-community-bsp/build-openrex/tmp/work/imx6qdlsabresd-poky-linux-gnueabi/u-boot-fslc/2022.10+gitAUTOINC+cbd7eb17ac-r0/git/drivers/core/ofnode.c:503:5:ofnode_parse_phandle_with_args	104	static
/home/lemageoire/fsl-community-bsp/build-openrex/tmp/work/imx6qdlsabresd-poky-linux-gnueabi/u-boot-fslc/2022.10+gitAUTOINC+cbd7eb17ac-r0/git/drivers/core/ofnode.c:535:5:ofnode_count_phandle_with_args	32	static
/home/lemageoire/fsl-community-bsp/build-openrex/tmp/work/imx6qdlsabresd-poky-linux-gnueabi/u-boot-fslc/2022.10+gitAUTOINC+cbd7eb17ac-r0/git/drivers/core/ofnode.c:547:8:ofnode_path	8	static
/home/lemageoire/fsl-community-bsp/build-openrex/tmp/work/imx6qdlsabresd-poky-linux-gnueabi/u-boot-fslc/2022.10+gitAUTOINC+cbd7eb17ac-r0/git/drivers/core/ofnode.c:555:8:ofnode_path_root	8	static
/home/lemageoire/fsl-community-bsp/build-openrex/tmp/work/imx6qdlsabresd-poky-linux-gnueabi/u-boot-fslc/2022.10+gitAUTOINC+cbd7eb17ac-r0/git/drivers/core/ofnode.c:566:13:ofnode_read_chosen_prop	16	static
/home/lemageoire/fsl-community-bsp/build-openrex/tmp/work/imx6qdlsabresd-poky-linux-gnueabi/u-boot-fslc/2022.10+gitAUTOINC+cbd7eb17ac-r0/git/drivers/core/ofnode.c:575:13:ofnode_read_chosen_string	0	static
/home/lemageoire/fsl-community-bsp/build-openrex/tmp/work/imx6qdlsabresd-poky-linux-gnueabi/u-boot-fslc/2022.10+gitAUTOINC+cbd7eb17ac-r0/git/drivers/core/ofnode.c:580:8:ofnode_get_chosen_node	8	static
/home/lemageoire/fsl-community-bsp/build-openrex/tmp/work/imx6qdlsabresd-poky-linux-gnueabi/u-boot-fslc/2022.10+gitAUTOINC+cbd7eb17ac-r0/git/drivers/core/ofnode.c:591:13:ofnode_read_aliases_prop	16	static
/home/lemageoire/fsl-community-bsp/build-openrex/tmp/work/imx6qdlsabresd-poky-linux-gnueabi/u-boot-fslc/2022.10+gitAUTOINC+cbd7eb17ac-r0/git/drivers/core/ofnode.c:600:8:ofnode_get_aliases_node	8	static
/home/lemageoire/fsl-community-bsp/build-openrex/tmp/work/imx6qdlsabresd-poky-linux-gnueabi/u-boot-fslc/2022.10+gitAUTOINC+cbd7eb17ac-r0/git/drivers/core/ofnode.c:613:5:ofnode_get_child_count	8	static
/home/lemageoire/fsl-community-bsp/build-openrex/tmp/work/imx6qdlsabresd-poky-linux-gnueabi/u-boot-fslc/2022.10+gitAUTOINC+cbd7eb17ac-r0/git/drivers/core/ofnode.c:712:13:ofnode_get_property	4	static
/home/lemageoire/fsl-community-bsp/build-openrex/tmp/work/imx6qdlsabresd-poky-linux-gnueabi/u-boot-fslc/2022.10+gitAUTOINC+cbd7eb17ac-r0/git/drivers/core/ofnode.c:127:6:ofnode_read_bool	8	static
/home/lemageoire/fsl-community-bsp/build-openrex/tmp/work/imx6qdlsabresd-poky-linux-gnueabi/u-boot-fslc/2022.10+gitAUTOINC+cbd7eb17ac-r0/git/drivers/core/ofnode.c:647:5:ofnode_decode_display_timing	24	static
/home/lemageoire/fsl-community-bsp/build-openrex/tmp/work/imx6qdlsabresd-poky-linux-gnueabi/u-boot-fslc/2022.10+gitAUTOINC+cbd7eb17ac-r0/git/drivers/core/ofnode.c:721:5:ofnode_get_first_property	8	static
/home/lemageoire/fsl-community-bsp/build-openrex/tmp/work/imx6qdlsabresd-poky-linux-gnueabi/u-boot-fslc/2022.10+gitAUTOINC+cbd7eb17ac-r0/git/drivers/core/ofnode.c:740:5:ofnode_get_next_property	8	static
/home/lemageoire/fsl-community-bsp/build-openrex/tmp/work/imx6qdlsabresd-poky-linux-gnueabi/u-boot-fslc/2022.10+gitAUTOINC+cbd7eb17ac-r0/git/drivers/core/ofnode.c:757:13:ofnode_get_property_by_prop	4	static
/home/lemageoire/fsl-community-bsp/build-openrex/tmp/work/imx6qdlsabresd-poky-linux-gnueabi/u-boot-fslc/2022.10+gitAUTOINC+cbd7eb17ac-r0/git/drivers/core/ofnode.c:769:6:ofnode_is_available	0	static
/home/lemageoire/fsl-community-bsp/build-openrex/tmp/work/imx6qdlsabresd-poky-linux-gnueabi/u-boot-fslc/2022.10+gitAUTOINC+cbd7eb17ac-r0/git/drivers/core/ofnode.c:778:12:ofnode_get_addr_size	4	static
/home/lemageoire/fsl-community-bsp/build-openrex/tmp/work/imx6qdlsabresd-poky-linux-gnueabi/u-boot-fslc/2022.10+gitAUTOINC+cbd7eb17ac-r0/git/drivers/core/ofnode.c:804:16:ofnode_read_u8_array_ptr	4	static
/home/lemageoire/fsl-community-bsp/build-openrex/tmp/work/imx6qdlsabresd-poky-linux-gnueabi/u-boot-fslc/2022.10+gitAUTOINC+cbd7eb17ac-r0/git/drivers/core/ofnode.c:822:5:ofnode_read_pci_addr	32	static
/home/lemageoire/fsl-community-bsp/build-openrex/tmp/work/imx6qdlsabresd-poky-linux-gnueabi/u-boot-fslc/2022.10+gitAUTOINC+cbd7eb17ac-r0/git/drivers/core/ofnode.c:876:5:ofnode_read_pci_vendev	40	static
/home/lemageoire/fsl-community-bsp/build-openrex/tmp/work/imx6qdlsabresd-poky-linux-gnueabi/u-boot-fslc/2022.10+gitAUTOINC+cbd7eb17ac-r0/git/drivers/core/ofnode.c:912:5:ofnode_read_eth_phy_id	40	static
/home/lemageoire/fsl-community-bsp/build-openrex/tmp/work/imx6qdlsabresd-poky-linux-gnueabi/u-boot-fslc/2022.10+gitAUTOINC+cbd7eb17ac-r0/git/drivers/core/ofnode.c:948:5:ofnode_read_addr_cells	8	static
/home/lemageoire/fsl-community-bsp/build-openrex/tmp/work/imx6qdlsabresd-poky-linux-gnueabi/u-boot-fslc/2022.10+gitAUTOINC+cbd7eb17ac-r0/git/drivers/core/ofnode.c:960:5:ofnode_read_size_cells	8	static
/home/lemageoire/fsl-community-bsp/build-openrex/tmp/work/imx6qdlsabresd-poky-linux-gnueabi/u-boot-fslc/2022.10+gitAUTOINC+cbd7eb17ac-r0/git/drivers/core/ofnode.c:972:5:ofnode_read_simple_addr_cells	0	static
/home/lemageoire/fsl-community-bsp/build-openrex/tmp/work/imx6qdlsabresd-poky-linux-gnueabi/u-boot-fslc/2022.10+gitAUTOINC+cbd7eb17ac-r0/git/drivers/core/ofnode.c:980:5:ofnode_read_simple_size_cells	0	static
/home/lemageoire/fsl-community-bsp/build-openrex/tmp/work/imx6qdlsabresd-poky-linux-gnueabi/u-boot-fslc/2022.10+gitAUTOINC+cbd7eb17ac-r0/git/drivers/core/ofnode.c:340:19:__ofnode_get_addr_size_index	40	static
/home/lemageoire/fsl-community-bsp/build-openrex/tmp/work/imx6qdlsabresd-poky-linux-gnueabi/u-boot-fslc/2022.10+gitAUTOINC+cbd7eb17ac-r0/git/drivers/core/ofnode.c:379:12:ofnode_get_addr_size_index	0	static
/home/lemageoire/fsl-community-bsp/build-openrex/tmp/work/imx6qdlsabresd-poky-linux-gnueabi/u-boot-fslc/2022.10+gitAUTOINC+cbd7eb17ac-r0/git/drivers/core/ofnode.c:390:12:ofnode_get_addr_index	16	static
/home/lemageoire/fsl-community-bsp/build-openrex/tmp/work/imx6qdlsabresd-poky-linux-gnueabi/u-boot-fslc/2022.10+gitAUTOINC+cbd7eb17ac-r0/git/drivers/core/ofnode.c:397:12:ofnode_get_addr	0	static
/home/lemageoire/fsl-community-bsp/build-openrex/tmp/work/imx6qdlsabresd-poky-linux-gnueabi/u-boot-fslc/2022.10+gitAUTOINC+cbd7eb17ac-r0/git/drivers/core/ofnode.c:402:12:ofnode_get_size	16	static
/home/lemageoire/fsl-community-bsp/build-openrex/tmp/work/imx6qdlsabresd-poky-linux-gnueabi/u-boot-fslc/2022.10+gitAUTOINC+cbd7eb17ac-r0/git/drivers/core/ofnode.c:384:12:ofnode_get_addr_size_index_notrans	0	static
/home/lemageoire/fsl-community-bsp/build-openrex/tmp/work/imx6qdlsabresd-poky-linux-gnueabi/u-boot-fslc/2022.10+gitAUTOINC+cbd7eb17ac-r0/git/drivers/core/ofnode.c:988:6:ofnode_pre_reloc	8	static
/home/lemageoire/fsl-community-bsp/build-openrex/tmp/work/imx6qdlsabresd-poky-linux-gnueabi/u-boot-fslc/2022.10+gitAUTOINC+cbd7eb17ac-r0/git/drivers/core/ofnode.c:1014:5:ofnode_read_resource	32	static
/home/lemageoire/fsl-community-bsp/build-openrex/tmp/work/imx6qdlsabresd-poky-linux-gnueabi/u-boot-fslc/2022.10+gitAUTOINC+cbd7eb17ac-r0/git/drivers/core/ofnode.c:1034:5:ofnode_read_resource_byname	16	static
/home/lemageoire/fsl-community-bsp/build-openrex/tmp/work/imx6qdlsabresd-poky-linux-gnueabi/u-boot-fslc/2022.10+gitAUTOINC+cbd7eb17ac-r0/git/drivers/core/ofnode.c:1046:5:ofnode_translate_address	0	static
/home/lemageoire/fsl-community-bsp/build-openrex/tmp/work/imx6qdlsabresd-poky-linux-gnueabi/u-boot-fslc/2022.10+gitAUTOINC+cbd7eb17ac-r0/git/drivers/core/ofnode.c:1054:5:ofnode_translate_dma_address	0	static
/home/lemageoire/fsl-community-bsp/build-openrex/tmp/work/imx6qdlsabresd-poky-linux-gnueabi/u-boot-fslc/2022.10+gitAUTOINC+cbd7eb17ac-r0/git/drivers/core/ofnode.c:1062:5:ofnode_get_dma_range	16	static
/home/lemageoire/fsl-community-bsp/build-openrex/tmp/work/imx6qdlsabresd-poky-linux-gnueabi/u-boot-fslc/2022.10+gitAUTOINC+cbd7eb17ac-r0/git/drivers/core/ofnode.c:1071:5:ofnode_device_is_compatible	8	static
/home/lemageoire/fsl-community-bsp/build-openrex/tmp/work/imx6qdlsabresd-poky-linux-gnueabi/u-boot-fslc/2022.10+gitAUTOINC+cbd7eb17ac-r0/git/drivers/core/ofnode.c:1082:8:ofnode_by_compatible	8	static
/home/lemageoire/fsl-community-bsp/build-openrex/tmp/work/imx6qdlsabresd-poky-linux-gnueabi/u-boot-fslc/2022.10+gitAUTOINC+cbd7eb17ac-r0/git/drivers/core/ofnode.c:1094:8:ofnode_by_prop_value	16	static
/home/lemageoire/fsl-community-bsp/build-openrex/tmp/work/imx6qdlsabresd-poky-linux-gnueabi/u-boot-fslc/2022.10+gitAUTOINC+cbd7eb17ac-r0/git/drivers/core/ofnode.c:1108:5:ofnode_write_prop	16	static
/home/lemageoire/fsl-community-bsp/build-openrex/tmp/work/imx6qdlsabresd-poky-linux-gnueabi/u-boot-fslc/2022.10+gitAUTOINC+cbd7eb17ac-r0/git/drivers/core/ofnode.c:1120:5:ofnode_write_string	16	static
/home/lemageoire/fsl-community-bsp/build-openrex/tmp/work/imx6qdlsabresd-poky-linux-gnueabi/u-boot-fslc/2022.10+gitAUTOINC+cbd7eb17ac-r0/git/drivers/core/ofnode.c:1129:5:ofnode_write_u32	16	static
/home/lemageoire/fsl-community-bsp/build-openrex/tmp/work/imx6qdlsabresd-poky-linux-gnueabi/u-boot-fslc/2022.10+gitAUTOINC+cbd7eb17ac-r0/git/drivers/core/ofnode.c:1144:5:ofnode_set_enabled	0	static
/home/lemageoire/fsl-community-bsp/build-openrex/tmp/work/imx6qdlsabresd-poky-linux-gnueabi/u-boot-fslc/2022.10+gitAUTOINC+cbd7eb17ac-r0/git/drivers/core/ofnode.c:1154:6:ofnode_conf_read_bool	8	static
/home/lemageoire/fsl-community-bsp/build-openrex/tmp/work/imx6qdlsabresd-poky-linux-gnueabi/u-boot-fslc/2022.10+gitAUTOINC+cbd7eb17ac-r0/git/drivers/core/ofnode.c:1165:5:ofnode_conf_read_int	16	static
/home/lemageoire/fsl-community-bsp/build-openrex/tmp/work/imx6qdlsabresd-poky-linux-gnueabi/u-boot-fslc/2022.10+gitAUTOINC+cbd7eb17ac-r0/git/drivers/core/ofnode.c:1176:13:ofnode_conf_read_str	8	static
/home/lemageoire/fsl-community-bsp/build-openrex/tmp/work/imx6qdlsabresd-poky-linux-gnueabi/u-boot-fslc/2022.10+gitAUTOINC+cbd7eb17ac-r0/git/drivers/core/ofnode.c:1187:8:ofnode_get_phy_node	104	static
/home/lemageoire/fsl-community-bsp/build-openrex/tmp/work/imx6qdlsabresd-poky-linux-gnueabi/u-boot-fslc/2022.10+gitAUTOINC+cbd7eb17ac-r0/git/drivers/core/ofnode.c:1208:17:ofnode_read_phy_mode	16	static
